Component: ARM Compiler 5.06 update 5 (build 528) Tool: armlink [4d35e2]

==============================================================================

Section Cross References

    startup_stm32g431xx.o(STACK) refers (Special) to heapauxi.o(.text) for __use_two_region_memory
    startup_stm32g431xx.o(HEAP) refers (Special) to heapauxi.o(.text) for __use_two_region_memory
    startup_stm32g431xx.o(RESET) refers (Special) to heapauxi.o(.text) for __use_two_region_memory
    startup_stm32g431xx.o(RESET) refers to startup_stm32g431xx.o(STACK) for __initial_sp
    startup_stm32g431xx.o(RESET) refers to startup_stm32g431xx.o(.text) for Reset_Handler
    startup_stm32g431xx.o(RESET) refers to stm32g4xx_it.o(i.NMI_Handler) for NMI_Handler
    startup_stm32g431xx.o(RESET) refers to stm32g4xx_it.o(i.HardFault_Handler) for HardFault_Handler
    startup_stm32g431xx.o(RESET) refers to stm32g4xx_it.o(i.MemManage_Handler) for MemManage_Handler
    startup_stm32g431xx.o(RESET) refers to stm32g4xx_it.o(i.BusFault_Handler) for BusFault_Handler
    startup_stm32g431xx.o(RESET) refers to stm32g4xx_it.o(i.UsageFault_Handler) for UsageFault_Handler
    startup_stm32g431xx.o(RESET) refers to port.o(.emb_text) for SVC_Handler
    startup_stm32g431xx.o(RESET) refers to stm32g4xx_it.o(i.DebugMon_Handler) for DebugMon_Handler
    startup_stm32g431xx.o(RESET) refers to port.o(i.SysTick_Handler) for SysTick_Handler
    startup_stm32g431xx.o(RESET) refers to stm32g4xx_it.o(i.DMA1_Channel1_IRQHandler) for DMA1_Channel1_IRQHandler
    startup_stm32g431xx.o(RESET) refers to stm32g4xx_it.o(i.USART1_IRQHandler) for USART1_IRQHandler
    startup_stm32g431xx.o(RESET) refers to stm32g4xx_it.o(i.TIM6_DAC_IRQHandler) for TIM6_DAC_IRQHandler
    startup_stm32g431xx.o(.text) refers (Special) to heapauxi.o(.text) for __use_two_region_memory
    startup_stm32g431xx.o(.text) refers to system_stm32g4xx.o(i.SystemInit) for SystemInit
    startup_stm32g431xx.o(.text) refers to __main.o(!!!main) for __main
    startup_stm32g431xx.o(.text) refers to startup_stm32g431xx.o(HEAP) for Heap_Mem
    startup_stm32g431xx.o(.text) refers to startup_stm32g431xx.o(STACK) for Stack_Mem
    main.o(i.HAL_TIM_PeriodElapsedCallback) refers to stm32g4xx_hal.o(i.HAL_IncTick) for HAL_IncTick
    main.o(i.SystemClock_Config) refers to rt_memclr_w.o(.text) for __aeabi_memclr4
    main.o(i.SystemClock_Config) refers to stm32g4xx_hal_pwr_ex.o(i.HAL_PWREx_ControlVoltageScaling) for HAL_PWREx_ControlVoltageScaling
    main.o(i.SystemClock_Config) refers to stm32g4xx_hal_rcc.o(i.HAL_RCC_OscConfig) for HAL_RCC_OscConfig
    main.o(i.SystemClock_Config) refers to stm32g4xx_hal_rcc.o(i.HAL_RCC_ClockConfig) for HAL_RCC_ClockConfig
    main.o(i.main) refers to stm32g4xx_hal.o(i.HAL_Init) for HAL_Init
    main.o(i.main) refers to main.o(i.SystemClock_Config) for SystemClock_Config
    main.o(i.main) refers to gpio.o(i.MX_GPIO_Init) for MX_GPIO_Init
    main.o(i.main) refers to dma.o(i.MX_DMA_Init) for MX_DMA_Init
    main.o(i.main) refers to usart.o(i.MX_USART1_UART_Init) for MX_USART1_UART_Init
    main.o(i.main) refers to tim.o(i.MX_TIM4_Init) for MX_TIM4_Init
    main.o(i.main) refers to tim.o(i.MX_TIM3_Init) for MX_TIM3_Init
    main.o(i.main) refers to spi.o(i.MX_SPI2_Init) for MX_SPI2_Init
    main.o(i.main) refers to ad5754r.o(i.AD5754_Init) for AD5754_Init
    main.o(i.main) refers to ad5754r.o(i.ConfigAD5754R) for ConfigAD5754R
    main.o(i.main) refers to app_freertos.o(i.MX_FREERTOS_Init) for MX_FREERTOS_Init
    main.o(i.main) refers to cmsis_os.o(i.osKernelStart) for osKernelStart
    gpio.o(i.MX_GPIO_Init) refers to rt_memclr_w.o(.text) for __aeabi_memclr4
    gpio.o(i.MX_GPIO_Init) refers to stm32g4xx_hal_gpio.o(i.HAL_GPIO_WritePin) for HAL_GPIO_WritePin
    gpio.o(i.MX_GPIO_Init) refers to stm32g4xx_hal_gpio.o(i.HAL_GPIO_Init) for HAL_GPIO_Init
    app_freertos.o(i.MX_FREERTOS_Init) refers to rt_memcpy_w.o(.text) for __aeabi_memcpy4
    app_freertos.o(i.MX_FREERTOS_Init) refers to cmsis_os.o(i.osThreadCreate) for osThreadCreate
    app_freertos.o(i.MX_FREERTOS_Init) refers to app_freertos.o(.constdata) for .constdata
    app_freertos.o(i.MX_FREERTOS_Init) refers to app_freertos.o(.data) for .data
    app_freertos.o(i.StartDefaultTask) refers to stm32g4xx_hal_gpio.o(i.HAL_GPIO_TogglePin) for HAL_GPIO_TogglePin
    app_freertos.o(i.StartDefaultTask) refers to cmsis_os.o(i.osDelay) for osDelay
    app_freertos.o(i.StartTask02) refers to cmsis_os.o(i.osDelay) for osDelay
    app_freertos.o(i.StartTask02) refers to stm32g4xx_hal_gpio.o(i.HAL_GPIO_WritePin) for HAL_GPIO_WritePin
    app_freertos.o(i.StartTask03) refers to cmsis_os.o(i.osDelay) for osDelay
    app_freertos.o(.constdata) refers to app_freertos.o(.conststring) for .conststring
    app_freertos.o(.constdata) refers to app_freertos.o(i.StartDefaultTask) for StartDefaultTask
    app_freertos.o(.constdata) refers to app_freertos.o(i.StartTask02) for StartTask02
[...]
    .bss                                     0x2000008c   Section      100  spi.o(.bss)
    .bss                                     0x200000f0   Section      152  tim.o(.bss)
    .bss                                     0x20000188   Section      344  usart.o(.bss)
    .bss                                     0x200002e0   Section       76  stm32g4xx_hal_timebase_tim.o(.bss)
    .bss                                     0x2000032c   Section      240  tasks.o(.bss)
    pxReadyTasksLists                        0x2000032c   Data         140  tasks.o(.bss)
    xDelayedTaskList1                        0x200003b8   Data          20  tasks.o(.bss)
    xDelayedTaskList2                        0x200003cc   Data          20  tasks.o(.bss)
    xPendingReadyList                        0x200003e0   Data          20  tasks.o(.bss)
    xTasksWaitingTermination                 0x200003f4   Data          20  tasks.o(.bss)
    xSuspendedTaskList                       0x20000408   Data          20  tasks.o(.bss)
    .bss                                     0x2000041c   Section     3072  heap_4.o(.bss)
    ucHeap                                   0x2000041c   Data        3072  heap_4.o(.bss)
    .bss                                     0x2000101c   Section       96  libspace.o(.bss)
    HEAP                                     0x20001080   Section     2048  startup_stm32g431xx.o(HEAP)
    Heap_Mem                                 0x20001080   Data        2048  startup_stm32g431xx.o(HEAP)
    STACK                                    0x20001880   Section     2048  startup_stm32g431xx.o(STACK)
    Stack_Mem                                0x20001880   Data        2048  startup_stm32g431xx.o(STACK)
    __initial_sp                             0x20002080   Data           0  startup_stm32g431xx.o(STACK)

    Global Symbols

    Symbol Name                              Value     Ov Type        Size  Object(Section)

    BuildAttributes$$THM_ISAv4$E$P$D$K$B$S$7EM$VFPi3$EXTD16$VFPS$VFMA$PE$A:L22UL41UL21$X:L11$S22US41US21$IEEE1$IW$USESV6$~STKCKD$USESV7$~SHL$OTIME$ROPI$IEEEJ$EBA8$UX$STANDARDLIB$REQ8$PRES8$EABIv2 0x00000000   Number         0  anon$$obj.o ABSOLUTE
    __ARM_use_no_argv                        0x00000000   Number         0  main.o ABSOLUTE
    _printf_flags                            0x00000000   Number         0  printf_stubs.o ABSOLUTE
    _printf_return_value                     0x00000000   Number         0  printf_stubs.o ABSOLUTE
    _printf_sizespec                         0x00000000   Number         0  printf_stubs.o ABSOLUTE
    _printf_widthprec                        0x00000000   Number         0  printf_stubs.o ABSOLUTE
    __ARM_exceptions_init                     - Undefined Weak Reference
    __alloca_initialize                       - Undefined Weak Reference
    __arm_preinit_                            - Undefined Weak Reference
    __cpp_initialize__aeabi_                  - Undefined Weak Reference
    __cxa_finalize                            - Undefined Weak Reference
    __sigvec_lookup                           - Undefined Weak Reference
    __user_heap_extent                        - Undefined Weak Reference
    _atexit_init                              - Undefined Weak Reference
    _call_atexit_fns                          - Undefined Weak Reference
    _clock_init                               - Undefined Weak Reference
    _fp_trap_init                             - Undefined Weak Reference
    _fp_trap_shutdown                         - Undefined Weak Reference
    _get_lc_collate                           - Undefined Weak Reference
    _get_lc_monetary                          - Undefined Weak Reference
    _get_lc_time                              - Undefined Weak Reference
    _getenv_init                              - Undefined Weak Reference
    _handle_redirection                       - Undefined Weak Reference
    _initio                                   - Undefined Weak Reference
    _mutex_acquire                            - Undefined Weak Reference
    _mutex_free                               - Undefined Weak Reference
    _mutex_release                            - Undefined Weak Reference
    _printf_mbtowc                            - Undefined Weak Reference
    _printf_wc                                - Undefined Weak Reference
    _rand_init                                - Undefined Weak Reference
    _signal_finish                            - Undefined Weak Reference
    _signal_init                              - Undefined Weak Reference
    _terminateio                              - Undefined Weak Reference
    __Vectors_Size                           0x000001d8   Number         0  startup_stm32g431xx.o ABSOLUTE
    __Vectors                                0x08000000   Data           4  startup_stm32g431xx.o(RESET)
    __Vectors_End                            0x080001d8   Data           0  startup_stm32g431xx.o(RESET)
    __main                                   0x080001d9   Thumb Code     8  __main.o(!!!main)
    __scatterload                            0x080001e1   Thumb Code     0  __scatter.o(!!!scatter)
    __scatterload_rt2                        0x080001e1   Thumb Code    44  __scatter.o(!!!scatter)
    __scatterload_rt2_thumb_only             0x080001e1   Thumb Code     0  __scatter.o(!!!scatter)
    __scatterload_null                       0x080001ef   Thumb Code     0  __scatter.o(!!!scatter)
    __scatterload_copy                       0x08000215   Thumb Code    26  __scatter_copy.o(!!handler_copy)
    __scatterload_zeroinit                   0x08000231   Thumb Code    28  __scatter_zi.o(!!handler_zi)
    _printf_n                                0x0800024d   Thumb Code     0  _printf_n.o(.ARM.Collect$$_printf_percent$$00000001)
    _printf_percent                          0x0800024d   Thumb Code     0  _printf_percent.o(.ARM.Collect$$_printf_percent$$00000000)
    _printf_p                                0x08000253   Thumb Code     0  _printf_p.o(.ARM.Collect$$_printf_percent$$00000002)
    _printf_f                                0x08000259   Thumb Code     0  _printf_f.o(.ARM.Collect$$_printf_percent$$00000003)
    _printf_e                                0x0800025f   Thumb Code     0  _printf_e.o(.ARM.Collect$$_printf_percent$$00000004)
    _printf_g                                0x08000265   Thumb Code     0  _printf_g.o(.ARM.Collect$$_printf_percent$$00000005)
    _printf_a                                0x0800026b   Thumb Code     0  _printf_a.o(.ARM.Collect$$_printf_percent$$00000006)
    _printf_ll                               0x08000271   Thumb Code     0  _printf_ll.o(.ARM.Collect$$_printf_percent$$00000007)
    _printf_i                                0x0800027b   Thumb Code     0  _printf_i.o(.ARM.Collect$$_printf_percent$$00000008)
    _printf_d                                0x08000281   Thumb Code     0  _printf_d.o(.ARM.Collect$$_printf_percent$$00000009)
    _printf_u                                0x08000287   Thumb Code     0  _printf_u.o(.ARM.Collect$$_printf_percent$$0000000A)
    _printf_o                                0x0800028d   Thumb Code     0  _printf_o.o(.ARM.Collect$$_printf_percent$$0000000B)
    _printf_x                                0x08000293   Thumb Code     0  _printf_x.o(.ARM.Collect$$_printf_percent$$0000000C)
    _printf_lli                              0x08000299   Thumb Code     0  _printf_lli.o(.ARM.Collect$$_printf_percent$$0000000D)
    _printf_lld                              0x0800029f   Thumb Code     0  _printf_lld.o(.ARM.Collect$$_printf_percent$$0000000E)
    _printf_llu                              0x080002a5   Thumb Code     0  _printf_llu.o(.ARM.Collect$$_printf_percent$$0000000F)
    _printf_llo                              0x080002ab   Thumb Code     0  _printf_llo.o(.ARM.Collect$$_printf_percent$$00000010)
    _printf_llx                              0x080002b1   Thumb Code     0  _printf_llx.o(.ARM.Collect$$_printf_percent$$00000011)
    _printf_l                                0x080002b7   Thumb Code     0  _printf_l.o(.ARM.Collect$$_printf_percent$$00000012)
    _printf_c                                0x080002c1   Thumb Code     0  _printf_c.o(.ARM.Collect$$_printf_percent$$00000013)
    _printf_s                                0x080002c7   Thumb Code     0  _printf_s.o(.ARM.Collect$$_printf_percent$$00000014)
    _printf_lc                               0x080002cd   Thumb Code     0  _printf_lc.o(.ARM.Collect$$_printf_percent$$00000015)
    _printf_ls                               0x080002d3   Thumb Code     0  _printf_ls.o(.ARM.Collect$$_printf_percent$$00000016)
    _printf_percent_end                      0x080002d9   Thumb Code     0  _printf_percent_end.o(.ARM.Collect$$_printf_percent$$00000017)
    __rt_lib_init                            0x080002dd   Thumb Code     0  libinit.o(.ARM.Collect$$libinit$$00000000)
    __rt_lib_init_fp_1                       0x080002df   Thumb Code     0  libinit2.o(.ARM.Collect$$libinit$$00000001)
    __rt_lib_init_heap_1                     0x080002e3   Thumb Code     0  libinit2.o(.ARM.Collect$$libinit$$0000000A)
    __rt_lib_init_lc_common                  0x080002e3   Thumb Code     0  libinit2.o(.ARM.Collect$$libinit$$0000000F)
    __rt_lib_init_preinit_1                  0x080002e3   Thumb Code     0  libinit2.o(.ARM.Collect$$libinit$$00000004)
    __rt_lib_init_rand_1                     0x080002e3   Thumb Code     0  libinit2.o(.ARM.Collect$$libinit$$0000000E)
    __rt_lib_init_user_alloc_1               0x080002e3   Thumb Code     0  libinit2.o(.ARM.Collect$$libinit$$0000000C)
    __rt_lib_init_lc_collate_1               0x080002e9   Thumb Code     0  libinit2.o(.ARM.Collect$$libinit$$00000011)
    __rt_lib_init_lc_ctype_2                 0x080002e9   Thumb Code     0  libinit2.o(.ARM.Collect$$libinit$$00000012)
    __rt_lib_init_lc_ctype_1                 0x080002f5   Thumb Code     0  libinit2.o(.ARM.Collect$$libinit$$00000013)
    __rt_lib_init_lc_monetary_1              0x080002f5   Thumb Code     0  libinit2.o(.ARM.Collect$$libinit$$00000015)
    __rt_lib_init_lc_numeric_2               0x080002f5   Thumb Code     0  libinit2.o(.ARM.Collect$$libinit$$00000016)
    __rt_lib_init_alloca_1                   0x080002ff   Thumb Code     0  libinit2.o(.ARM.Collect$$libinit$$0000002E)
    __rt_lib_init_argv_1                     0x080002ff   Thumb Code     0  libinit2.o(.ARM.Collect$$libinit$$0000002C)
    __rt_lib_init_atexit_1                   0x080002ff   Thumb Code     0  libinit2.o(.ARM.Collect$$libinit$$0000001B)
    __rt_lib_init_clock_1                    0x080002ff   Thumb Code     0  libinit2.o(.ARM.Collect$$libinit$$00000021)
    __rt_lib_init_cpp_1                      0x080002ff   Thumb Code     0  libinit2.o(.ARM.Collect$$libinit$$00000032)
    __rt_lib_init_exceptions_1               0x080002ff   Thumb Code     0  libinit2.o(.ARM.Collect$$libinit$$00000030)
    __rt_lib_init_fp_trap_1                  0x080002ff   Thumb Code     0  libinit2.o(.ARM.Collect$$libinit$$0000001F)
    __rt_lib_init_getenv_1                   0x080002ff   Thumb Code     0  libinit2.o(.ARM.Collect$$libinit$$00000023)
    __rt_lib_init_lc_numeric_1               0x080002ff   Thumb Code     0  libinit2.o(.ARM.Collect$$libinit$$00000017)
    __rt_lib_init_lc_time_1                  0x080002ff   Thumb Code     0  libinit2.o(.ARM.Collect$$libinit$$00000019)
    __rt_lib_init_return                     0x080002ff   Thumb Code     0  libinit2.o(.ARM.Collect$$libinit$$00000033)
    __rt_lib_init_signal_1                   0x080002ff   Thumb Code     0  libinit2.o(.ARM.Collect$$libinit$$0000001D)
    __rt_lib_init_stdio_1                    0x080002ff   Thumb Code     0  libinit2.o(.ARM.Collect$$libinit$$00000025)
    __rt_lib_shutdown                        0x08000301   Thumb Code     0  libshutdown.o(.ARM.Collect$$libshutdown$$00000000)
    __rt_lib_shutdown_cpp_1                  0x08000303   Thumb Code     0  libshutdown2.o(.ARM.Collect$$libshutdown$$00000002)
    __rt_lib_shutdown_fp_trap_1              0x08000303   Thumb Code     0  libshutdown2.o(.ARM.Collect$$libshutdown$$00000007)
    __rt_lib_shutdown_heap_1                 0x08000303   Thumb Code     0  libshutdown2.o(.ARM.Collect$$libshutdown$$0000000F)
    __rt_lib_shutdown_return                 0x08000303   Thumb Code     0  libshutdown2.o(.ARM.Collect$$libshutdown$$00000010)
    __rt_lib_shutdown_signal_1               0x08000303   Thumb Code     0  libshutdown2.o(.ARM.Collect$$libshutdown$$0000000A)
    __rt_lib_shutdown_stdio_1                0x08000303   Thumb Code     0  libshutdown2.o(.ARM.Collect$$libshutdown$$00000004)
    __rt_lib_shutdown_user_alloc_1           0x08000303   Thumb Code     0  libshutdown2.o(.ARM.Collect$$libshutdown$$0000000C)
    __rt_entry                               0x08000305   Thumb Code     0  __rtentry.o(.ARM.Collect$$rtentry$$00000000)
    __rt_entry_presh_1                       0x08000305   Thumb Code     0  __rtentry2.o(.ARM.Collect$$rtentry$$00000002)
    __rt_entry_sh                            0x08000305   Thumb Code     0  __rtentry4.o(.ARM.Collect$$rtentry$$00000004)
    __rt_entry_li                            0x0800030b   Thumb Code     0  __rtentry2.o(.ARM.Collect$$rtentry$$0000000A)
    __rt_entry_postsh_1                      0x0800030b   Thumb Code     0  __rtentry2.o(.ARM.Collect$$rtentry$$00000009)
    __rt_entry_main                          0x0800030f   Thumb Code     0  __rtentry2.o(.ARM.Collect$$rtentry$$0000000D)
    __rt_entry_postli_1                      0x0800030f   Thumb Code     0  __rtentry2.o(.ARM.Collect$$rtentry$$0000000C)
    __rt_exit                                0x08000317   Thumb Code     0  rtexit.o(.ARM.Collect$$rtexit$$00000000)
    __rt_exit_ls                             0x08000319   Thumb Code     0  rtexit2.o(.ARM.Collect$$rtexit$$00000003)
    __rt_exit_prels_1                        0x08000319   Thumb Code     0  rtexit2.o(.ARM.Collect$$rtexit$$00000002)
    __rt_exit_exit                           0x0800031d   Thumb Code     0  rtexit2.o(.ARM.Collect$$rtexit$$00000004)
    SVC_Handler                              0x08000325   Thumb Code    28  port.o(.emb_text)
    __asm___6_port_c_39a90d8d__prvStartFirstTask 0x08000345   Thumb Code    36  port.o(.emb_text)
    __asm___6_port_c_39a90d8d__prvEnableVFP  0x0800036d   Thumb Code    16  port.o(.emb_text)
    PendSV_Handler                           0x08000381   Thumb Code    88  port.o(.emb_text)
    vPortGetIPSR                             0x080003dd   Thumb Code     6  port.o(.emb_text)
    Reset_Handler                            0x080003e5   Thumb Code     8  startup_stm32g431xx.o(.text)
    ADC1_2_IRQHandler                        0x080003ff   Thumb Code     0  startup_stm32g431xx.o(.text)
    COMP1_2_3_IRQHandler                     0x080003ff   Thumb Code     0  startup_stm32g431xx.o(.text)
    COMP4_IRQHandler                         0x080003ff   Thumb Code     0  startup_stm32g431xx.o(.text)
    CORDIC_IRQHandler                        0x080003ff   Thumb Code     0  startup_stm32g431xx.o(.text)
    CRS_IRQHandler                           0x080003ff   Thumb Code     0  startup_stm32g431xx.o(.text)
    DMA1_Channel2_IRQHandler                 0x080003ff   Thumb Code     0  startup_stm32g431xx.o(.text)
    DMA1_Channel3_IRQHandler                 0x080003ff   Thumb Code     0  startup_stm32g431xx.o(.text)
    DMA1_Channel4_IRQHandler                 0x080003ff   Thumb Code     0  startup_stm32g431xx.o(.text)
    DMA1_Channel5_IRQHandler                 0x080003ff   Thumb Code     0  startup_stm32g431xx.o(.text)
    DMA1_Channel6_IRQHandler                 0x080003ff   Thumb Code     0  startup_stm32g431xx.o(.text)
    DMA2_Channel1_IRQHandler                 0x080003ff   Thumb Code     0  startup_stm32g431xx.o(.text)
    DMA2_Channel2_IRQHandler                 0x080003ff   Thumb Code     0  startup_stm32g431xx.o(.text)
    DMA2_Channel3_IRQHandler                 0x080003ff   Thumb Code     0  startup_stm32g431xx.o(.text)
    DMA2_Channel4_IRQHandler                 0x080003ff   Thumb Code     0  startup_stm32g431xx.o(.text)
    DMA2_Channel5_IRQHandler                 0x080003ff   Thumb Code     0  startup_stm32g431xx.o(.text)
    DMA2_Channel6_IRQHandler                 0x080003ff   Thumb Code     0  startup_stm32g431xx.o(.text)
    DMAMUX_OVR_IRQHandler                    0x080003ff   Thumb Code     0  startup_stm32g431xx.o(.text)
    EXTI0_IRQHandler                         0x080003ff   Thumb Code     0  startup_stm32g431xx.o(.text)
    EXTI15_10_IRQHandler                     0x080003ff   Thumb Code     0  startup_stm32g431xx.o(.text)
    EXTI1_IRQHandler                         0x080003ff   Thumb Code     0  startup_stm32g431xx.o(.text)
    EXTI2_IRQHandler                         0x080003ff   Thumb Code     0  startup_stm32g431xx.o(.text)
    EXTI3_IRQHandler                         0x080003ff   Thumb Code     0  startup_stm32g431xx.o(.text)
    EXTI4_IRQHandler                         0x080003ff   Thumb Code     0  startup_stm32g431xx.o(.text)
    EXTI9_5_IRQHandler                       0x080003ff   Thumb Code     0  startup_stm32g431xx.o(.text)
    FDCAN1_IT0_IRQHandler                    0x080003ff   Thumb Code     0  startup_stm32g431xx.o(.text)
    FDCAN1_IT1_IRQHandler                    0x080003ff   Thumb Code     0  startup_stm32g431xx.o(.text)
    FLASH_IRQHandler                         0x080003ff   Thumb Code     0  startup_stm32g431xx.o(.text)
    FMAC_IRQHandler                          0x080003ff   Thumb Code     0  startup_stm32g431xx.o(.text)
    FPU_IRQHandler                           0x080003ff   Thumb Code     0  startup_stm32g431xx.o(.text)
    I2C1_ER_IRQHandler                       0x080003ff   Thumb Code     0  startup_stm32g431xx.o(.text)
    I2C1_EV_IRQHandler                       0x080003ff   Thumb Code     0  startup_stm32g431xx.o(.text)
    I2C2_ER_IRQHandler                       0x080003ff   Thumb Code     0  startup_stm32g431xx.o(.text)
    I2C2_EV_IRQHandler                       0x080003ff   Thumb Code     0  startup_stm32g431xx.o(.text)
    I2C3_ER_IRQHandler                       0x080003ff   Thumb Code     0  startup_stm32g431xx.o(.text)
    I2C3_EV_IRQHandler                       0x080003ff   Thumb Code     0  startup_stm32g431xx.o(.text)
    LPTIM1_IRQHandler                        0x080003ff   Thumb Code     0  startup_stm32g431xx.o(.text)
    LPUART1_IRQHandler                       0x080003ff   Thumb Code     0  startup_stm32g431xx.o(.text)
    PVD_PVM_IRQHandler                       0x080003ff   Thumb Code     0  startup_stm32g431xx.o(.text)
    RCC_IRQHandler                           0x080003ff   Thumb Code     0  startup_stm32g431xx.o(.text)
    RNG_IRQHandler                           0x080003ff   Thumb Code     0  startup_stm32g431xx.o(.text)
    RTC_Alarm_IRQHandler                     0x080003ff   Thumb Code     0  startup_stm32g431xx.o(.text)
    RTC_TAMP_LSECSS_IRQHandler               0x080003ff   Thumb Code     0  startup_stm32g431xx.o(.text)
    RTC_WKUP_IRQHandler                      0x080003ff   Thumb Code     0  startup_stm32g431xx.o(.text)
    SAI1_IRQHandler                          0x080003ff   Thumb Code     0  startup_stm32g431xx.o(.text)
    SPI1_IRQHandler                          0x080003ff   Thumb Code     0  startup_stm32g431xx.o(.text)
    SPI2_IRQHandler                          0x080003ff   Thumb Code     0  startup_stm32g431xx.o(.text)
    SPI3_IRQHandler                          0x080003ff   Thumb Code     0  startup_stm32g431xx.o(.text)
    TIM1_BRK_TIM15_IRQHandler                0x080003ff   Thumb Code     0  startup_stm32g431xx.o(.text)
    TIM1_CC_IRQHandler                       0x080003ff   Thumb Code     0  startup_stm32g431xx.o(.text)
    TIM1_TRG_COM_TIM17_IRQHandler            0x080003ff   Thumb Code     0  startup_stm32g431xx.o(.text)
    TIM1_UP_TIM16_IRQHandler                 0x080003ff   Thumb Code     0  startup_stm32g431xx.o(.text)
    TIM2_IRQHandler                          0x080003ff   Thumb Code     0  startup_stm32g431xx.o(.text)
    TIM3_IRQHandler                          0x080003ff   Thumb Code     0  startup_stm32g431xx.o(.text)
    TIM4_IRQHandler                          0x080003ff   Thumb Code     0  startup_stm32g431xx.o(.text)
    TIM7_IRQHandler                          0x080003ff   Thumb Code     0  startup_stm32g431xx.o(.text)
    TIM8_BRK_IRQHandler                      0x080003ff   Thumb Code     0  startup_stm32g431xx.o(.text)
    TIM8_CC_IRQHandler                       0x080003ff   Thumb Code     0  startup_stm32g431xx.o(.text)
    TIM8_TRG_COM_IRQHandler                  0x080003ff   Thumb Code     0  startup_stm32g431xx.o(.text)
    TIM8_UP_IRQHandler                       0x080003ff   Thumb Code     0  startup_stm32g431xx.o(.text)
    UART4_IRQHandler                         0x080003ff   Thumb Code     0  startup_stm32g431xx.o(.text)
    UCPD1_IRQHandler                         0x080003ff   Thumb Code     0  startup_stm32g431xx.o(.text)
    USART2_IRQHandler                        0x080003ff   Thumb Code     0  startup_stm32g431xx.o(.text)
    USART3_IRQHandler                        0x080003ff   Thumb Code     0  startup_stm32g431xx.o(.text)
    USBWakeUp_IRQHandler                     0x080003ff   Thumb Code     0  startup_stm32g431xx.o(.text)
    USB_HP_IRQHandler                        0x080003ff   Thumb Code     0  startup_stm32g431xx.o(.text)
    USB_LP_IRQHandler                        0x080003ff   Thumb Code     0  startup_stm32g431xx.o(.text)
    WWDG_IRQHandler                          0x080003ff   Thumb Code     0  startup_stm32g431xx.o(.text)
    __user_initial_stackheap                 0x08000401   Thumb Code     0  startup_stm32g431xx.o(.text)
    __aeabi_uldivmod                         0x08000425   Thumb Code     0  lludivv7m.o(.text)
    _ll_udiv                                 0x08000425   Thumb Code   238  lludivv7m.o(.text)
    vprintf                                  0x08000515   Thumb Code     8  vprintf.o(.text)
    __2printf                                0x08000521   Thumb Code    20  __2printf.o(.text)
    _printf_str                              0x08000539   Thumb Code    82  _printf_str.o(.text)
    _printf_int_dec                          0x0800058d   Thumb Code   104  _printf_dec.o(.text)
    __printf                                 0x08000605   Thumb Code   388  __printf_flags_ss_wp.o(.text)
    __aeabi_memcpy4                          0x0800078d   Thumb Code     0  rt_memcpy_w.o(.text)
    __aeabi_memcpy8                          0x0800078d   Thumb Code     0  rt_memcpy_w.o(.text)
    __rt_memcpy_w                            0x0800078d   Thumb Code   100  rt_memcpy_w.o(.text)
    _memcpy_lastbytes_aligned                0x080007d5   Thumb Code     0  rt_memcpy_w.o(.text)
    __aeabi_memclr4                          0x080007f1   Thumb Code     0  rt_memclr_w.o(.text)
    __aeabi_memclr8                          0x080007f1   Thumb Code     0  rt_memclr_w.o(.text)
    __rt_memclr_w                            0x080007f1   Thumb Code    78  rt_memclr_w.o(.text)
    _memset_w                                0x080007f5   Thumb Code     0  rt_memclr_w.o(.text)
    __use_two_region_memory                  0x0800083f   Thumb Code     2  heapauxi.o(.text)
    __rt_heap_escrow                         0x08000841   Thumb Code     2  heapauxi.o(.text)
    __rt_heap_expand                         0x08000843   Thumb Code     2  heapauxi.o(.text)
    _printf_pre_padding                      0x08000845   Thumb Code    44  _printf_pad.o(.text)
    _printf_post_padding                     0x08000871   Thumb Code    34  _printf_pad.o(.text)
    _printf_truncate_signed                  0x08000893   Thumb Code    18  _printf_truncate.o(.text)
    _printf_truncate_unsigned                0x080008a5   Thumb Code    18  _printf_truncate.o(.text)
    _printf_int_common                       0x080008b7   Thumb Code   178  _printf_intcommon.o(.text)
    _printf_charcount                        0x08000969   Thumb Code    40  _printf_charcount.o(.text)
    _printf_cs_common                        0x08000991   Thumb Code    20  _printf_char.o(.text)
    _printf_char                             0x080009a5   Thumb Code    16  _printf_char.o(.text)
    _printf_string                           0x080009b5   Thumb Code     8  _printf_char.o(.text)
    _printf_char_file                        0x080009bd   Thumb Code    32  _printf_char_file.o(.text)
    _printf_wctomb                           0x080009e1   Thumb Code   182  _printf_wctomb.o(.text)
    _printf_longlong_dec                     0x08000a9d   Thumb Code   108  _printf_longlong_dec.o(.text)
    _printf_longlong_oct                     0x08000b19   Thumb Code    66  _printf_oct_int_ll.o(.text)
    _printf_int_oct                          0x08000b5b   Thumb Code    24  _printf_oct_int_ll.o(.text)
    _printf_ll_oct                           0x08000b73   Thumb Code    12  _printf_oct_int_ll.o(.text)
    _printf_longlong_hex                     0x08000b89   Thumb Code    86  _printf_hex_int_ll_ptr.o(.text)
    _printf_int_hex                          0x08000bdf   Thumb Code    28  _printf_hex_int_ll_ptr.o(.text)
    _printf_ll_hex                           0x08000bfb   Thumb Code    12  _printf_hex_int_ll_ptr.o(.text)
    _printf_hex_ptr                          0x08000c07   Thumb Code    18  _printf_hex_int_ll_ptr.o(.text)
    __user_libspace                          0x08000c1d   Thumb Code     8  libspace.o(.text)
    __user_perproc_libspace                  0x08000c1d   Thumb Code     0  libspace.o(.text)
    __user_perthread_libspace                0x08000c1d   Thumb Code     0  libspace.o(.text)
    _ll_udiv10                               0x08000c25   Thumb Code   138  lludiv10.o(.text)
    __lib_sel_fp_printf                      0x08000caf   Thumb Code     2  _printf_fp_dec.o(.text)
    _printf_fp_dec_real                      0x08000e61   Thumb Code   620  _printf_fp_dec.o(.text)
    _printf_fp_hex_real                      0x080010cd   Thumb Code   756  _printf_fp_hex.o(.text)
    _printf_char_common                      0x080013d3   Thumb Code    32  _printf_char_common.o(.text)
    _printf_lcs_common                       0x080013f9   Thumb Code    20  _printf_wchar.o(.text)
    _printf_wchar                            0x0800140d   Thumb Code    16  _printf_wchar.o(.text)
    _printf_wstring                          0x0800141d   Thumb Code     8  _printf_wchar.o(.text)
    ferror                                   0x08001425   Thumb Code     8  ferror.o(.text)
    _wcrtomb                                 0x0800142d   Thumb Code    64  _wcrtomb.o(.text)
    __user_setup_stackheap                   0x0800146d   Thumb Code    74  sys_stackheap_outer.o(.text)
    __rt_ctype_table                         0x080014b9   Thumb Code    16  rt_ctype_table.o(.text)
    __rt_locale                              0x080014c9   Thumb Code     8  rt_locale_intlibspace.o(.text)
    _printf_fp_infnan                        0x080014d1   Thumb Code   112  _printf_fp_infnan.o(.text)
    _btod_etento                             0x08001551   Thumb Code   224  bigflt0.o(.text)
    exit                                     0x08001635   Thumb Code    18  exit.o(.text)
    strcmp                                   0x08001649   Thumb Code   128  strcmpv7m.o(.text)
    _btod_d2e                                0x080016c9   Thumb Code    62  btod.o(CL$$btod_d2e)
    _d2e_denorm_low                          0x08001707   Thumb Code    70  btod.o(CL$$btod_d2e_denorm_low)
    _d2e_norm_op1                            0x0800174d   Thumb Code    96  btod.o(CL$$btod_d2e_norm_op1)
    __btod_div_common                        0x080017ad   Thumb Code   696  btod.o(CL$$btod_div_common)
    _e2e                                     0x08001ae5   Thumb Code   220  btod.o(CL$$btod_e2e)
    _btod_ediv                               0x08001bc1   Thumb Code    42  btod.o(CL$$btod_ediv)
    _btod_emul                               0x08001beb   Thumb Code    42  btod.o(CL$$btod_emul)
    __btod_mult_common                       0x08001c15   Thumb Code   580  btod.o(CL$$btod_mult_common)
    AD5754_Init                              0x08001e59   Thumb Code    38  ad5754r.o(i.AD5754_Init)
    BusFault_Handler                         0x08001e89   Thumb Code     2  stm32g4xx_it.o(i.BusFault_Handler)
    ConfigAD5754R                            0x08001e8d   Thumb Code    36  ad5754r.o(i.ConfigAD5754R)
    DMA1_Channel1_IRQHandler                 0x08001eb9   Thumb Code     6  stm32g4xx_it.o(i.DMA1_Channel1_IRQHandler)
    DebugMon_Handler                         0x08001f67   Thumb Code     2  stm32g4xx_it.o(i.DebugMon_Handler)
    EM_LOG                                   0x08001f69   Thumb Code    66  log.o(i.EM_LOG)
    Error_Handler                            0x08001fed   Thumb Code     4  main.o(i.Error_Handler)
    HAL_DMA_Abort                            0x08001ff1   Thumb Code   106  stm32g4xx_hal_dma.o(i.HAL_DMA_Abort)
    HAL_DMA_Abort_IT                         0x0800205b   Thumb Code   120  stm32g4xx_hal_dma.o(i.HAL_DMA_Abort_IT)
    HAL_DMA_GetError                         0x080020d3   Thumb Code     4  stm32g4xx_hal_dma.o(i.HAL_DMA_GetError)
    HAL_DMA_IRQHandler                       0x080020d7   Thumb Code   186  stm32g4xx_hal_dma.o(i.HAL_DMA_IRQHandler)
    HAL_DMA_Init                             0x08002191   Thumb Code   178  stm32g4xx_hal_dma.o(i.HAL_DMA_Init)
    HAL_DMA_Start_IT                         0x08002251   Thumb Code   140  stm32g4xx_hal_dma.o(i.HAL_DMA_Start_IT)
    HAL_GPIO_Init                            0x080022dd   Thumb Code   550  stm32g4xx_hal_gpio.o(i.HAL_GPIO_Init)
    HAL_GPIO_TogglePin                       0x08002525   Thumb Code    16  stm32g4xx_hal_gpio.o(i.HAL_GPIO_TogglePin)
    HAL_GPIO_WritePin                        0x08002535   Thumb Code    10  stm32g4xx_hal_gpio.o(i.HAL_GPIO_WritePin)
    HAL_GetTick                              0x08002541   Thumb Code     6  stm32g4xx_hal.o(i.HAL_GetTick)
    HAL_IncTick                              0x0800254d   Thumb Code    12  stm32g4xx_hal.o(i.HAL_IncTick)
    HAL_Init                                 0x0800255d   Thumb Code    30  stm32g4xx_hal.o(i.HAL_Init)
    HAL_InitTick                             0x0800257d   Thumb Code   116  stm32g4xx_hal_timebase_tim.o(i.HAL_InitTick)
    HAL_MspInit                              0x08002605   Thumb Code    54  stm32g4xx_hal_msp.o(i.HAL_MspInit)
    HAL_NVIC_EnableIRQ                       0x08002641   Thumb Code    26  stm32g4xx_hal_cortex.o(i.HAL_NVIC_EnableIRQ)
    HAL_NVIC_SetPriority                     0x0800265d   Thumb Code    60  stm32g4xx_hal_cortex.o(i.HAL_NVIC_SetPriority)
    HAL_NVIC_SetPriorityGrouping             0x0800269d   Thumb Code    26  stm32g4xx_hal_cortex.o(i.HAL_NVIC_SetPriorityGrouping)
    HAL_PWREx_ControlVoltageScaling          0x080026c1   Thumb Code   174  stm32g4xx_hal_pwr_ex.o(i.HAL_PWREx_ControlVoltageScaling)
    HAL_PWREx_DisableUCPDDeadBattery         0x0800277d   Thumb Code    12  stm32g4xx_hal_pwr_ex.o(i.HAL_PWREx_DisableUCPDDeadBattery)
    HAL_RCCEx_PeriphCLKConfig                0x0800278d   Thumb Code   638  stm32g4xx_hal_rcc_ex.o(i.HAL_RCCEx_PeriphCLKConfig)
    HAL_RCC_ClockConfig                      0x08002a15   Thumb Code   444  stm32g4xx_hal_rcc.o(i.HAL_RCC_ClockConfig)
    HAL_RCC_GetClockConfig                   0x08002bf1   Thumb Code    54  stm32g4xx_hal_rcc.o(i.HAL_RCC_GetClockConfig)
    HAL_RCC_GetPCLK1Freq                     0x08002c31   Thumb Code    24  stm32g4xx_hal_rcc.o(i.HAL_RCC_GetPCLK1Freq)
    HAL_RCC_GetPCLK2Freq                     0x08002c55   Thumb Code    24  stm32g4xx_hal_rcc.o(i.HAL_RCC_GetPCLK2Freq)
    HAL_RCC_GetSysClockFreq                  0x08002c79   Thumb Code    98  stm32g4xx_hal_rcc.o(i.HAL_RCC_GetSysClockFreq)
    HAL_RCC_OscConfig                        0x08002ce9   Thumb Code  1028  stm32g4xx_hal_rcc.o(i.HAL_RCC_OscConfig)
    HAL_SPI_Init                             0x080030ed   Thumb Code   234  stm32g4xx_hal_spi.o(i.HAL_SPI_Init)
    HAL_SPI_MspInit                          0x080031d9   Thumb Code   114  spi.o(i.HAL_SPI_MspInit)
    HAL_SPI_Transmit                         0x08003259   Thumb Code   398  stm32g4xx_hal_spi.o(i.HAL_SPI_Transmit)
    HAL_TIMEx_Break2Callback                 0x080033e7   Thumb Code     2  stm32g4xx_hal_tim_ex.o(i.HAL_TIMEx_Break2Callback)
    HAL_TIMEx_BreakCallback                  0x080033e9   Thumb Code     2  stm32g4xx_hal_tim_ex.o(i.HAL_TIMEx_BreakCallback)
    HAL_TIMEx_CommutCallback                 0x080033eb   Thumb Code     2  stm32g4xx_hal_tim_ex.o(i.HAL_TIMEx_CommutCallback)
    HAL_TIMEx_DirectionChangeCallback        0x080033ed   Thumb Code     2  stm32g4xx_hal_tim_ex.o(i.HAL_TIMEx_DirectionChangeCallback)
    HAL_TIMEx_EncoderIndexCallback           0x080033ef   Thumb Code     2  stm32g4xx_hal_tim_ex.o(i.HAL_TIMEx_EncoderIndexCallback)
    HAL_TIMEx_IndexErrorCallback             0x080033f1   Thumb Code     2  stm32g4xx_hal_tim_ex.o(i.HAL_TIMEx_IndexErrorCallback)
    HAL_TIMEx_MasterConfigSynchronization    0x080033f5   Thumb Code   132  stm32g4xx_hal_tim_ex.o(i.HAL_TIMEx_MasterConfigSynchronization)
    HAL_TIMEx_TransitionErrorCallback        0x08003491   Thumb Code     2  stm32g4xx_hal_tim_ex.o(i.HAL_TIMEx_TransitionErrorCallback)
    HAL_TIM_Base_Init                        0x08003493   Thumb Code    98  stm32g4xx_hal_tim.o(i.HAL_TIM_Base_Init)
    HAL_TIM_Base_MspInit                     0x080034f5   Thumb Code    52  tim.o(i.HAL_TIM_Base_MspInit)
    HAL_TIM_Base_Start_IT                    0x08003535   Thumb Code    94  stm32g4xx_hal_tim.o(i.HAL_TIM_Base_Start_IT)
    HAL_TIM_ConfigClockSource                0x080035ad   Thumb Code   246  stm32g4xx_hal_tim.o(i.HAL_TIM_ConfigClockSource)
    HAL_TIM_IC_CaptureCallback               0x080036ad   Thumb Code     2  stm32g4xx_hal_tim.o(i.HAL_TIM_IC_CaptureCallback)
    HAL_TIM_IRQHandler                       0x080036af   Thumb Code   418  stm32g4xx_hal_tim.o(i.HAL_TIM_IRQHandler)
    HAL_TIM_OC_DelayElapsedCallback          0x08003851   Thumb Code     2  stm32g4xx_hal_tim.o(i.HAL_TIM_OC_DelayElapsedCallback)
    HAL_TIM_PWM_PulseFinishedCallback        0x08003853   Thumb Code     2  stm32g4xx_hal_tim.o(i.HAL_TIM_PWM_PulseFinishedCallback)
    HAL_TIM_PeriodElapsedCallback            0x08003855   Thumb Code    14  main.o(i.HAL_TIM_PeriodElapsedCallback)
    HAL_TIM_TriggerCallback                  0x08003869   Thumb Code     2  stm32g4xx_hal_tim.o(i.HAL_TIM_TriggerCallback)
    HAL_UARTEx_DisableFifoMode               0x0800386b   Thumb Code    62  stm32g4xx_hal_uart_ex.o(i.HAL_UARTEx_DisableFifoMode)
    HAL_UARTEx_RxEventCallback               0x080038a9   Thumb Code     2  stm32g4xx_hal_uart.o(i.HAL_UARTEx_RxEventCallback)
    HAL_UARTEx_RxFifoFullCallback            0x080038ab   Thumb Code     2  stm32g4xx_hal_uart_ex.o(i.HAL_UARTEx_RxFifoFullCallback)
    HAL_UARTEx_SetRxFifoThreshold            0x080038ad   Thumb Code    76  stm32g4xx_hal_uart_ex.o(i.HAL_UARTEx_SetRxFifoThreshold)
    HAL_UARTEx_SetTxFifoThreshold            0x080038f9   Thumb Code    76  stm32g4xx_hal_uart_ex.o(i.HAL_UARTEx_SetTxFifoThreshold)
    HAL_UARTEx_TxFifoEmptyCallback           0x08003945   Thumb Code     2  stm32g4xx_hal_uart_ex.o(i.HAL_UARTEx_TxFifoEmptyCallback)
    HAL_UARTEx_WakeupCallback                0x08003947   Thumb Code     2  stm32g4xx_hal_uart_ex.o(i.HAL_UARTEx_WakeupCallback)
    HAL_UART_DMAStop                         0x08003949   Thumb Code   148  stm32g4xx_hal_uart.o(i.HAL_UART_DMAStop)
    HAL_UART_ErrorCallback                   0x080039dd   Thumb Code     2  stm32g4xx_hal_uart.o(i.HAL_UART_ErrorCallback)
    HAL_UART_IRQHandler                      0x080039e1   Thumb Code   782  stm32g4xx_hal_uart.o(i.HAL_UART_IRQHandler)
    HAL_UART_Init                            0x08003cfd   Thumb Code   106  stm32g4xx_hal_uart.o(i.HAL_UART_Init)
    HAL_UART_MspInit                         0x08003d69   Thumb Code   172  usart.o(i.HAL_UART_MspInit)
    HAL_UART_Receive_DMA                     0x08003e29   Thumb Code    66  stm32g4xx_hal_uart.o(i.HAL_UART_Receive_DMA)
    HAL_UART_RxCpltCallback                  0x08003e71   Thumb Code     2  stm32g4xx_hal_uart.o(i.HAL_UART_RxCpltCallback)
    HAL_UART_RxHalfCpltCallback              0x08003e73   Thumb Code     2  stm32g4xx_hal_uart.o(i.HAL_UART_RxHalfCpltCallback)
    HAL_UART_TxCpltCallback                  0x08003e75   Thumb Code     2  stm32g4xx_hal_uart.o(i.HAL_UART_TxCpltCallback)
    HandleReceivedData                       0x08003e79   Thumb Code   156  comminterface.o(i.HandleReceivedData)
    HardFault_Handler                        0x08003ff9   Thumb Code     2  stm32g4xx_it.o(i.HardFault_Handler)
    MX_DMA_Init                              0x08003ffd   Thumb Code    56  dma.o(i.MX_DMA_Init)
    MX_FREERTOS_Init                         0x08004039   Thumb Code    74  app_freertos.o(i.MX_FREERTOS_Init)
    MX_GPIO_Init                             0x0800408d   Thumb Code   258  gpio.o(i.MX_GPIO_Init)
    MX_SPI2_Init                             0x0800419d   Thumb Code    70  spi.o(i.MX_SPI2_Init)
    MX_TIM3_Init                             0x080041ed   Thumb Code    96  tim.o(i.MX_TIM3_Init)
    MX_TIM4_Init                             0x08004255   Thumb Code    96  tim.o(i.MX_TIM4_Init)
    MX_USART1_UART_Init                      0x080042bd   Thumb Code   124  usart.o(i.MX_USART1_UART_Init)
    MemManage_Handler                        0x08004345   Thumb Code     2  stm32g4xx_it.o(i.MemManage_Handler)
    Modbus_Crc16                             0x08004349   Thumb Code    40  modbus.o(i.Modbus_Crc16)
    NMI_Handler                              0x08004375   Thumb Code     2  stm32g4xx_it.o(i.NMI_Handler)
    StartDefaultTask                         0x08004559   Thumb Code    28  app_freertos.o(i.StartDefaultTask)
    StartTask02                              0x08004575   Thumb Code    28  app_freertos.o(i.StartTask02)
    StartTask03                              0x08004595   Thumb Code    12  app_freertos.o(i.StartTask03)
    SysTick_Handler                          0x080045a1   Thumb Code    38  port.o(i.SysTick_Handler)
    SystemClock_Config                       0x080045cd   Thumb Code   102  main.o(i.SystemClock_Config)
    SystemInit                               0x08004635   Thumb Code    12  system_stm32g4xx.o(i.SystemInit)
    TIM6_DAC_IRQHandler                      0x08004645   Thumb Code     6  stm32g4xx_it.o(i.TIM6_DAC_IRQHandler)
    TIM_Base_SetConfig                       0x08004651   Thumb Code   160  stm32g4xx_hal_tim.o(i.TIM_Base_SetConfig)
    TIM_ETR_SetConfig                        0x0800470d   Thumb Code    20  stm32g4xx_hal_tim.o(i.TIM_ETR_SetConfig)
    UART_AdvFeatureConfig                    0x080047c1   Thumb Code   200  stm32g4xx_hal_uart.o(i.UART_AdvFeatureConfig)
    UART_CheckIdleState                      0x08004889   Thumb Code   172  stm32g4xx_hal_uart.o(i.UART_CheckIdleState)
    UART_SetConfig                           0x08004ac1   Thumb Code   582  stm32g4xx_hal_uart.o(i.UART_SetConfig)
    UART_Start_Receive_DMA                   0x08004d35   Thumb Code   156  stm32g4xx_hal_uart.o(i.UART_Start_Receive_DMA)
    UART_WaitOnFlagUntilTimeout              0x08004ddd   Thumb Code   148  stm32g4xx_hal_uart.o(i.UART_WaitOnFlagUntilTimeout)
    USART1_IRQHandler                        0x08004e71   Thumb Code    78  stm32g4xx_it.o(i.USART1_IRQHandler)
    UsageFault_Handler                       0x08004ed5   Thumb Code     2  stm32g4xx_it.o(i.UsageFault_Handler)
    WriteToAD5754RViaSpi                     0x08004ed9   Thumb Code    74  ad5754r.o(i.WriteToAD5754RViaSpi)
    __ARM_fpclassify                         0x08004f2d   Thumb Code    48  fpclassify.o(i.__ARM_fpclassify)
    _is_digit                                0x08004f7d   Thumb Code    14  __printf_wp.o(i._is_digit)
    _sys_exit                                0x08004f8b   Thumb Code     2  usart.o(i._sys_exit)
    delay_us                                 0x08004f8d   Thumb Code    54  ad5754r.o(i.delay_us)
    fputc                                    0x08004fc9   Thumb Code    46  usart.o(i.fputc)
    main                                     0x08005001   Thumb Code    50  main.o(i.main)
    osDelay                                  0x0800503f   Thumb Code    16  cmsis_os.o(i.osDelay)
    osKernelStart                            0x0800504f   Thumb Code    10  cmsis_os.o(i.osKernelStart)
    osThreadCreate                           0x08005059   Thumb Code    52  cmsis_os.o(i.osThreadCreate)
    pvPortMalloc                             0x080053e9   Thumb Code   224  heap_4.o(i.pvPortMalloc)
    pxPortInitialiseStack                    0x080054d1   Thumb Code    38  port.o(i.pxPortInitialiseStack)
    uxListRemove                             0x080054fd   Thumb Code    38  list.o(i.uxListRemove)
    vListInitialise                          0x08005523   Thumb Code    22  list.o(i.vListInitialise)
    vListInitialiseItem                      0x08005539   Thumb Code     6  list.o(i.vListInitialiseItem)
    vListInsert                              0x0800553f   Thumb Code    54  list.o(i.vListInsert)
    vListInsertEnd                           0x08005575   Thumb Code    24  list.o(i.vListInsertEnd)
    vPortEnterCritical                       0x0800558d   Thumb Code    54  port.o(i.vPortEnterCritical)
    vPortExitCritical                        0x080055cd   Thumb Code    38  port.o(i.vPortExitCritical)
    vPortFree                                0x080055f9   Thumb Code    94  heap_4.o(i.vPortFree)
    vPortSetupTimerInterrupt                 0x0800565d   Thumb Code    32  port.o(i.vPortSetupTimerInterrupt)
    vTaskDelay                               0x08005681   Thumb Code    70  tasks.o(i.vTaskDelay)
    vTaskStartScheduler                      0x080056d1   Thumb Code    92  tasks.o(i.vTaskStartScheduler)
    vTaskSuspendAll                          0x08005741   Thumb Code    10  tasks.o(i.vTaskSuspendAll)
    vTaskSwitchContext                       0x08005751   Thumb Code    86  tasks.o(i.vTaskSwitchContext)
    xPortStartScheduler                      0x080057b1   Thumb Code   232  port.o(i.xPortStartScheduler)
    xTaskCreate                              0x080058b5   Thumb Code   104  tasks.o(i.xTaskCreate)
    xTaskIncrementTick                       0x0800591d   Thumb Code   202  tasks.o(i.xTaskIncrementTick)
    xTaskResumeAll                           0x080059f1   Thumb Code   190  tasks.o(i.xTaskResumeAll)
    _get_lc_numeric                          0x08005abd   Thumb Code    44  lc_numeric_c.o(locale$$code)
    _get_lc_ctype                            0x08005ae9   Thumb Code    44  lc_ctype_c.o(locale$$code)
    _fp_init                                 0x08005b15   Thumb Code    10  fpinit.o(x$fpl$fpinit)
    __fplib_config_fpu_vfp                   0x08005b1d   Thumb Code     0  fpinit.o(x$fpl$fpinit)
    __fplib_config_pureend_doubles           0x08005b1d   Thumb Code     0  fpinit.o(x$fpl$fpinit)
    _printf_fp_dec                           0x08005b1f   Thumb Code     4  printf1.o(x$fpl$printf1)
    _printf_fp_hex                           0x08005b23   Thumb Code     4  printf2.o(x$fpl$printf2)
    __I$use$fp                               0x08005b26   Number         0  usenofp.o(x$fpl$usenofp)
    UARTPrescTable                           0x08005b64   Data          24  stm32g4xx_hal_uart.o(.constdata)
    AHBPrescTable                            0x08005b8c   Data          16  system_stm32g4xx.o(.constdata)
    APBPrescTable                            0x08005b9c   Data           8  system_stm32g4xx.o(.constdata)
    Region$$Table$$Base                      0x08005ed8   Number         0  anon$$obj.o(Region$$Table)
    Region$$Table$$Limit                     0x08005ef8   Number         0  anon$$obj.o(Region$$Table)
    __ctype                                  0x08005f21   Data           0  lc_ctype_c.o(locale$$data)
    defaultTaskHandle                        0x20000000   Data           4  app_freertos.o(.data)
    myTask02Handle                           0x20000004   Data           4  app_freertos.o(.data)
    myTask03Handle                           0x20000008   Data           4  app_freertos.o(.data)
    huart1_rx_len                            0x2000000c   Data           1  usart.o(.data)
    huart1_recv_end_flag                     0x2000000d   Data           1  usart.o(.data)
    __stdout                                 0x20000010   Data           4  usart.o(.data)
    uwTickPrio                               0x20000014   Data           4  stm32g4xx_hal.o(.data)
    uwTickFreq                               0x20000018   Data           4  stm32g4xx_hal.o(.data)
    uwTick                                   0x2000001c   Data           4  stm32g4xx_hal.o(.data)
    SystemCoreClock                          0x20000020   Data           4  system_stm32g4xx.o(.data)
    pxCurrentTCB                             0x20000024   Data           4  tasks.o(.data)
    hspi2                                    0x2000008c   Data         100  spi.o(.bss)
    htim3                                    0x200000f0   Data          76  tim.o(.bss)
    htim4                                    0x2000013c   Data          76  tim.o(.bss)
    huart1_rx_buffer                         0x20000188   Data         100  usart.o(.bss)
    huart1                                   0x200001ec   Data         148  usart.o(.bss)
    hdma_usart1_rx                           0x20000280   Data          96  usart.o(.bss)
    htim6                                    0x200002e0   Data          76  stm32g4xx_hal_timebase_tim.o(.bss)
    __libspace_start                         0x2000101c   Data          96  libspace.o(.bss)
    __temporary_stack_top$libspace           0x2000107c   Data           0  libspace.o(.bss)



==============================================================================

Memory Map of the image

  Image Entry point : 0x080001d9

  Load Region LR_IROM1 (Base: 0x08000000, Size: 0x000060b0, Max: 0x0001c000, ABSOLUTE)

    Execution Region ER_IROM1 (Exec base: 0x08000000, Load base: 0x08000000, Size: 0x00006024, Max: 0x0001c000, ABSOLUTE)

    Exec Addr    Load Addr    Size         Type   Attr      Idx    E Section Name        Object

    0x08000000   0x08000000   0x000001d8   Data   RO            3    RESET               startup_stm32g431xx.o
    0x080001d8   0x080001d8   0x00000008   Code   RO         5822  * !!!main             c_w.l(__main.o)
    0x080001e0   0x080001e0   0x00000034   Code   RO         6172    !!!scatter          c_w.l(__scatter.o)
    0x08000214   0x08000214   0x0000001a   Code   RO         6174    !!handler_copy      c_w.l(__scatter_copy.o)
    0x0800022e   0x0800022e   0x00000002   PAD
    0x08000230   0x08000230   0x0000001c   Code   RO         6176    !!handler_zi        c_w.l(__scatter_zi.o)
    0x0800024c   0x0800024c   0x00000000   Code   RO         5811    .ARM.Collect$$_printf_percent$$00000000  c_w.l(_printf_percent.o)
    0x0800024c   0x0800024c   0x00000006   Code   RO         5901    .ARM.Collect$$_printf_percent$$00000001  c_w.l(_printf_n.o)
    0x08000252   0x08000252   0x00000006   Code   RO         5903    .ARM.Collect$$_printf_percent$$00000002  c_w.l(_printf_p.o)
    0x08000258   0x08000258   0x00000006   Code   RO         5907    .ARM.Collect$$_printf_percent$$00000003  c_w.l(_printf_f.o)
    0x0800025e   0x0800025e   0x00000006   Code   RO         5908    .ARM.Collect$$_printf_percent$$00000004  c_w.l(_printf_e.o)
    0x08000264   0x08000264   0x00000006   Code   RO         5909    .ARM.Collect$$_printf_percent$$00000005  c_w.l(_printf_g.o)
    0x0800026a   0x0800026a   0x00000006   Code   RO         5910    .ARM.Collect$$_printf_percent$$00000006  c_w.l(_printf_a.o)
    0x08000270   0x08000270   0x0000000a   Code   RO         5915    .ARM.Collect$$_printf_percent$$00000007  c_w.l(_printf_ll.o)
    0x0800027a   0x0800027a   0x00000006   Code   RO         5905    .ARM.Collect$$_printf_percent$$00000008  c_w.l(_printf_i.o)
    0x08000280   0x08000280   0x00000006   Code   RO         5810    .ARM.Collect$$_printf_percent$$00000009  c_w.l(_printf_d.o)
    0x08000286   0x08000286   0x00000006   Code   RO         5906    .ARM.Collect$$_printf_percent$$0000000A  c_w.l(_printf_u.o)
    0x0800028c   0x0800028c   0x00000006   Code   RO         5904    .ARM.Collect$$_printf_percent$$0000000B  c_w.l(_printf_o.o)
    0x08000292   0x08000292   0x00000006   Code   RO         5902    .ARM.Collect$$_printf_percent$$0000000C  c_w.l(_printf_x.o)
    0x08000298   0x08000298   0x00000006   Code   RO         5912    .ARM.Collect$$_printf_percent$$0000000D  c_w.l(_printf_lli.o)
    0x0800029e   0x0800029e   0x00000006   Code   RO         5913    .ARM.Collect$$_printf_percent$$0000000E  c_w.l(_printf_lld.o)
    0x080002a4   0x080002a4   0x00000006   Code   RO         5914    .ARM.Collect$$_printf_percent$$0000000F  c_w.l(_printf_llu.o)
    0x080002aa   0x080002aa   0x00000006   Code   RO         5919    .ARM.Collect$$_printf_percent$$00000010  c_w.l(_printf_llo.o)
    0x080002b0   0x080002b0   0x00000006   Code   RO         5920    .ARM.Collect$$_printf_percent$$00000011  c_w.l(_printf_llx.o)
    0x080002b6   0x080002b6   0x0000000a   Code   RO         5916    .ARM.Collect$$_printf_percent$$00000012  c_w.l(_printf_l.o)
    0x080002c0   0x080002c0   0x00000006   Code   RO         5900    .ARM.Collect$$_printf_percent$$00000013  c_w.l(_printf_c.o)
    0x080002c6   0x080002c6   0x00000006   Code   RO         5809    .ARM.Collect$$_printf_percent$$00000014  c_w.l(_printf_s.o)
    0x080002cc   0x080002cc   0x00000006   Code   RO         5917    .ARM.Collect$$_printf_percent$$00000015  c_w.l(_printf_lc.o)
    0x080002d2   0x080002d2   0x00000006   Code   RO         5918    .ARM.Collect$$_printf_percent$$00000016  c_w.l(_printf_ls.o)
    0x080002d8   0x080002d8   0x00000004   Code   RO         5911    .ARM.Collect$$_printf_percent$$00000017  c_w.l(_printf_percent_end.o)
    0x080002dc   0x080002dc   0x00000002   Code   RO         6103    .ARM.Collect$$libinit$$00000000  c_w.l(libinit.o)
    0x080002de   0x080002de   0x00000004   Code   RO         5925    .ARM.Collect$$libinit$$00000001  c_w.l(libinit2.o)
    0x080002e2   0x080002e2   0x00000000   Code   RO         5928    .ARM.Collect$$libinit$$00000004  c_w.l(libinit2.o)
    0x080002e2   0x080002e2   0x00000000   Code   RO         5931    .ARM.Collect$$libinit$$0000000A  c_w.l(libinit2.o)
    0x080002e2   0x080002e2   0x00000000   Code   RO         5933    .ARM.Collect$$libinit$$0000000C  c_w.l(libinit2.o)
    0x080002e2   0x080002e2   0x00000000   Code   RO         5935    .ARM.Collect$$libinit$$0000000E  c_w.l(libinit2.o)
    0x080002e2   0x080002e2   0x00000006   Code   RO         5936    .ARM.Collect$$libinit$$0000000F  c_w.l(libinit2.o)
    0x080002e8   0x080002e8   0x00000000   Code   RO         5938    .ARM.Collect$$libinit$$00000011  c_w.l(libinit2.o)
    0x080002e8   0x080002e8   0x0000000c   Code   RO         5939    .ARM.Collect$$libinit$$00000012  c_w.l(libinit2.o)
    0x080002f4   0x080002f4   0x00000000   Code   RO         5940    .ARM.Collect$$libinit$$00000013  c_w.l(libinit2.o)
    0x080002f4   0x080002f4   0x00000000   Code   RO         5942    .ARM.Collect$$libinit$$00000015  c_w.l(libinit2.o)
    0x080002f4   0x080002f4   0x0000000a   Code   RO         5943    .ARM.Collect$$libinit$$00000016  c_w.l(libinit2.o)
    0x080002fe   0x080002fe   0x00000000   Code   RO         5944    .ARM.Collect$$libinit$$00000017  c_w.l(libinit2.o)
    0x080002fe   0x080002fe   0x00000000   Code   RO         5946    .ARM.Collect$$libinit$$00000019  c_w.l(libinit2.o)
    0x080002fe   0x080002fe   0x00000000   Code   RO         5948    .ARM.Collect$$libinit$$0000001B  c_w.l(libinit2.o)
    0x080002fe   0x080002fe   0x00000000   Code   RO         5950    .ARM.Collect$$libinit$$0000001D  c_w.l(libinit2.o)
    0x080002fe   0x080002fe   0x00000000   Code   RO         5952    .ARM.Collect$$libinit$$0000001F  c_w.l(libinit2.o)
    0x080002fe   0x080002fe   0x00000000   Code   RO         5954    .ARM.Collect$$libinit$$00000021  c_w.l(libinit2.o)
    0x080002fe   0x080002fe   0x00000000   Code   RO         5956    .ARM.Collect$$libinit$$00000023  c_w.l(libinit2.o)
    0x080002fe   0x080002fe   0x00000000   Code   RO         5958    .ARM.Collect$$libinit$$00000025  c_w.l(libinit2.o)
    0x080002fe   0x080002fe   0x00000000   Code   RO         5962    .ARM.Collect$$libinit$$0000002C  c_w.l(libinit2.o)
    0x080002fe   0x080002fe   0x00000000   Code   RO         5964    .ARM.Collect$$libinit$$0000002E  c_w.l(libinit2.o)
    0x080002fe   0x080002fe   0x00000000   Code   RO         5966    .ARM.Collect$$libinit$$00000030  c_w.l(libinit2.o)
    0x080002fe   0x080002fe   0x00000000   Code   RO         5968    .ARM.Collect$$libinit$$00000032  c_w.l(libinit2.o)
    0x080002fe   0x080002fe   0x00000002   Code   RO         5969    .ARM.Collect$$libinit$$00000033  c_w.l(libinit2.o)
    0x08000300   0x08000300   0x00000002   Code   RO         6169    .ARM.Collect$$libshutdown$$00000000  c_w.l(libshutdown.o)
    0x08000302   0x08000302   0x00000000   Code   RO         6127    .ARM.Collect$$libshutdown$$00000002  c_w.l(libshutdown2.o)
    0x08000302   0x08000302   0x00000000   Code   RO         6129    .ARM.Collect$$libshutdown$$00000004  c_w.l(libshutdown2.o)
    0x08000302   0x08000302   0x00000000   Code   RO         6132    .ARM.Collect$$libshutdown$$00000007  c_w.l(libshutdown2.o)
    0x08000302   0x08000302   0x00000000   Code   RO         6135    .ARM.Collect$$libshutdown$$0000000A  c_w.l(libshutdown2.o)
    0x08000302   0x08000302   0x00000000   Code   RO         6137    .ARM.Collect$$libshutdown$$0000000C  c_w.l(libshutdown2.o)
    0x08000302   0x08000302   0x00000000   Code   RO         6140    .ARM.Collect$$libshutdown$$0000000F  c_w.l(libshutdown2.o)
    0x08000302   0x08000302   0x00000002   Code   RO         6141    .ARM.Collect$$libshutdown$$00000010  c_w.l(libshutdown2.o)
    0x08000304   0x08000304   0x00000000   Code   RO         5826    .ARM.Collect$$rtentry$$00000000  c_w.l(__rtentry.o)
    0x08000304   0x08000304   0x00000000   Code   RO         5984    .ARM.Collect$$rtentry$$00000002  c_w.l(__rtentry2.o)
    0x08000304   0x08000304   0x00000006   Code   RO         5996    .ARM.Collect$$rtentry$$00000004  c_w.l(__rtentry4.o)
    0x0800030a   0x0800030a   0x00000000   Code   RO         5986    .ARM.Collect$$rtentry$$00000009  c_w.l(__rtentry2.o)
    0x0800030a   0x0800030a   0x00000004   Code   RO         5987    .ARM.Collect$$rtentry$$0000000A  c_w.l(__rtentry2.o)
    0x0800030e   0x0800030e   0x00000000   Code   RO         5989    .ARM.Collect$$rtentry$$0000000C  c_w.l(__rtentry2.o)
    0x0800030e   0x0800030e   0x00000008   Code   RO         5990    .ARM.Collect$$rtentry$$0000000D  c_w.l(__rtentry2.o)
    0x08000316   0x08000316   0x00000002   Code   RO         6109    .ARM.Collect$$rtexit$$00000000  c_w.l(rtexit.o)
    0x08000318   0x08000318   0x00000000   Code   RO         6145    .ARM.Collect$$rtexit$$00000002  c_w.l(rtexit2.o)
    0x08000318   0x08000318   0x00000004   Code   RO         6146    .ARM.Collect$$rtexit$$00000003  c_w.l(rtexit2.o)
    0x0800031c   0x0800031c   0x00000006   Code   RO         6147    .ARM.Collect$$rtexit$$00000004  c_w.l(rtexit2.o)
    0x08000322   0x08000322   0x00000002   PAD
    0x08000324   0x08000324   0x000000be   Code   RO         5417    .emb_text           port.o
    0x080003e2   0x080003e2   0x00000002   PAD
    0x080003e4   0x080003e4   0x00000040   Code   RO            4    .text               startup_stm32g431xx.o
    0x08000424   0x08000424   0x000000ee   Code   RO         5775    .text               c_w.l(lludivv7m.o)
    0x08000512   0x08000512   0x00000002   PAD
    0x08000514   0x08000514   0x0000000c   Code   RO         5777    .text               c_w.l(vprintf.o)
    0x08000520   0x08000520   0x00000018   Code   RO         5779    .text               c_w.l(__2printf.o)
    0x08000538   0x08000538   0x00000052   Code   RO         5785    .text               c_w.l(_printf_str.o)
    0x0800058a   0x0800058a   0x00000002   PAD
    0x0800058c   0x0800058c   0x00000078   Code   RO         5787    .text               c_w.l(_printf_dec.o)
    0x08000604   0x08000604   0x00000188   Code   RO         5806    .text               c_w.l(__printf_flags_ss_wp.o)
    0x0800078c   0x0800078c   0x00000064   Code   RO         5814    .text               c_w.l(rt_memcpy_w.o)
    0x080007f0   0x080007f0   0x0000004e   Code   RO         5818    .text               c_w.l(rt_memclr_w.o)
    0x0800083e   0x0800083e   0x00000006   Code   RO         5820    .text               c_w.l(heapauxi.o)
    0x08000844   0x08000844   0x0000004e   Code   RO         5856    .text               c_w.l(_printf_pad.o)
    0x08000892   0x08000892   0x00000024   Code   RO         5858    .text               c_w.l(_printf_truncate.o)
    0x080008b6   0x080008b6   0x000000b2   Code   RO         5860    .text               c_w.l(_printf_intcommon.o)
    0x08000968   0x08000968   0x00000028   Code   RO         5862    .text               c_w.l(_printf_charcount.o)
    0x08000990   0x08000990   0x0000002c   Code   RO         5864    .text               c_w.l(_printf_char.o)
    0x080009bc   0x080009bc   0x00000024   Code   RO         5866    .text               c_w.l(_printf_char_file.o)
    0x080009e0   0x080009e0   0x000000bc   Code   RO         5868    .text               c_w.l(_printf_wctomb.o)
    0x08000a9c   0x08000a9c   0x0000007c   Code   RO         5871    .text               c_w.l(_printf_longlong_dec.o)
    0x08000b18   0x08000b18   0x00000070   Code   RO         5877    .text               c_w.l(_printf_oct_int_ll.o)
    0x08000b88   0x08000b88   0x00000094   Code   RO         5897    .text               c_w.l(_printf_hex_int_ll_ptr.o)
    0x08000c1c   0x08000c1c   0x00000008   Code   RO         5980    .text               c_w.l(libspace.o)
    0x08000c24   0x08000c24   0x0000008a   Code   RO         6008    .text               c_w.l(lludiv10.o)
    0x08000cae   0x08000cae   0x0000041e   Code   RO         6010    .text               c_w.l(_printf_fp_dec.o)
    0x080010cc   0x080010cc   0x000002fc   Code   RO         6012    .text               c_w.l(_printf_fp_hex.o)
    0x080013c8   0x080013c8   0x00000030   Code   RO         6015    .text               c_w.l(_printf_char_common.o)
    0x080013f8   0x080013f8   0x0000002c   Code   RO         6017    .text               c_w.l(_printf_wchar.o)
    0x08001424   0x08001424   0x00000008   Code   RO         6019    .text               c_w.l(ferror.o)
    0x0800142c   0x0800142c   0x00000040   Code   RO         6023    .text               c_w.l(_wcrtomb.o)
    0x0800146c   0x0800146c   0x0000004a   Code   RO         6039    .text               c_w.l(sys_stackheap_outer.o)
    0x080014b6   0x080014b6   0x00000002   PAD
    0x080014b8   0x080014b8   0x00000010   Code   RO         6041    .text               c_w.l(rt_ctype_table.o)
    0x080014c8   0x080014c8   0x00000008   Code   RO         6048    .text               c_w.l(rt_locale_intlibspace.o)
    0x080014d0   0x080014d0   0x00000080   Code   RO         6052    .text               c_w.l(_printf_fp_infnan.o)
    0x08001550   0x08001550   0x000000e4   Code   RO         6056    .text               c_w.l(bigflt0.o)
    0x08001634   0x08001634   0x00000012   Code   RO         6084    .text               c_w.l(exit.o)
    0x08001646   0x08001646   0x00000002   PAD
    0x08001648   0x08001648   0x00000080   Code   RO         6124    .text               c_w.l(strcmpv7m.o)
    0x080016c8   0x080016c8   0x0000003e   Code   RO         6059    CL$$btod_d2e        c_w.l(btod.o)
    0x08001706   0x08001706   0x00000046   Code   RO         6061    CL$$btod_d2e_denorm_low  c_w.l(btod.o)
    0x0800174c   0x0800174c   0x00000060   Code   RO         6060    CL$$btod_d2e_norm_op1  c_w.l(btod.o)
    0x080017ac   0x080017ac   0x00000338   Code   RO         6069    CL$$btod_div_common  c_w.l(btod.o)
    0x08001ae4   0x08001ae4   0x000000dc   Code   RO         6066    CL$$btod_e2e        c_w.l(btod.o)
    0x08001bc0   0x08001bc0   0x0000002a   Code   RO         6063    CL$$btod_ediv       c_w.l(btod.o)
    0x08001bea   0x08001bea   0x0000002a   Code   RO         6062    CL$$btod_emul       c_w.l(btod.o)
    0x08001c14   0x08001c14   0x00000244   Code   RO         6068    CL$$btod_mult_common  c_w.l(btod.o)
    0x08001e58   0x08001e58   0x00000030   Code   RO         5532    i.AD5754_Init       ad5754r.o
    0x08001e88   0x08001e88   0x00000002   Code   RO          490    i.BusFault_Handler  stm32g4xx_it.o
    0x08001e8a   0x08001e8a   0x00000002   PAD
    0x08001e8c   0x08001e8c   0x0000002c   Code   RO         5533    i.ConfigAD5754R     ad5754r.o
    0x08001eb8   0x08001eb8   0x0000000c   Code   RO          491    i.DMA1_Channel1_IRQHandler  stm32g4xx_it.o
    0x08001ec4   0x08001ec4   0x00000040   Code   RO         1483    i.DMA_CalcDMAMUXChannelBaseAndMask  stm32g4xx_hal_dma.o
    0x08001f04   0x08001f04   0x00000024   Code   RO         1484    i.DMA_CalcDMAMUXRequestGenBaseAndMask  stm32g4xx_hal_dma.o
    0x08001f28   0x08001f28   0x0000003e   Code   RO         1485    i.DMA_SetConfig     stm32g4xx_hal_dma.o
    0x08001f66   0x08001f66   0x00000002   Code   RO          492    i.DebugMon_Handler  stm32g4xx_it.o
    0x08001f68   0x08001f68   0x00000084   Code   RO         5618    i.EM_LOG            log.o
    0x08001fec   0x08001fec   0x00000004   Code   RO           13    i.Error_Handler     main.o
    0x08001ff0   0x08001ff0   0x0000006a   Code   RO         1486    i.HAL_DMA_Abort     stm32g4xx_hal_dma.o
    0x0800205a   0x0800205a   0x00000078   Code   RO         1487    i.HAL_DMA_Abort_IT  stm32g4xx_hal_dma.o
    0x080020d2   0x080020d2   0x00000004   Code   RO         1489    i.HAL_DMA_GetError  stm32g4xx_hal_dma.o
    0x080020d6   0x080020d6   0x000000ba   Code   RO         1491    i.HAL_DMA_IRQHandler  stm32g4xx_hal_dma.o
    0x08002190   0x08002190   0x000000c0   Code   RO         1492    i.HAL_DMA_Init      stm32g4xx_hal_dma.o
    0x08002250   0x08002250   0x0000008c   Code   RO         1496    i.HAL_DMA_Start_IT  stm32g4xx_hal_dma.o
    0x080022dc   0x080022dc   0x00000248   Code   RO         1348    i.HAL_GPIO_Init     stm32g4xx_hal_gpio.o
    0x08002524   0x08002524   0x00000010   Code   RO         1351    i.HAL_GPIO_TogglePin  stm32g4xx_hal_gpio.o
    0x08002534   0x08002534   0x0000000a   Code   RO         1352    i.HAL_GPIO_WritePin  stm32g4xx_hal_gpio.o
    0x0800253e   0x0800253e   0x00000002   PAD
    0x08002540   0x08002540   0x0000000c   Code   RO          643    i.HAL_GetTick       stm32g4xx_hal.o
    0x0800254c   0x0800254c   0x00000010   Code   RO          649    i.HAL_IncTick       stm32g4xx_hal.o
    0x0800255c   0x0800255c   0x0000001e   Code   RO          650    i.HAL_Init          stm32g4xx_hal.o
    0x0800257a   0x0800257a   0x00000002   PAD
    0x0800257c   0x0800257c   0x00000088   Code   RO          593    i.HAL_InitTick      stm32g4xx_hal_timebase_tim.o
    0x08002604   0x08002604   0x0000003c   Code   RO          569    i.HAL_MspInit       stm32g4xx_hal_msp.o
    0x08002640   0x08002640   0x0000001a   Code   RO         1997    i.HAL_NVIC_EnableIRQ  stm32g4xx_hal_cortex.o
    0x0800265a   0x0800265a   0x00000002   PAD
    0x0800265c   0x0800265c   0x00000040   Code   RO         2003    i.HAL_NVIC_SetPriority  stm32g4xx_hal_cortex.o
    0x0800269c   0x0800269c   0x00000024   Code   RO         2004    i.HAL_NVIC_SetPriorityGrouping  stm32g4xx_hal_cortex.o
    0x080026c0   0x080026c0   0x000000bc   Code   RO         1751    i.HAL_PWREx_ControlVoltageScaling  stm32g4xx_hal_pwr_ex.o
    0x0800277c   0x0800277c   0x00000010   Code   RO         1763    i.HAL_PWREx_DisableUCPDDeadBattery  stm32g4xx_hal_pwr_ex.o
    0x0800278c   0x0800278c   0x00000288   Code   RO         1010    i.HAL_RCCEx_PeriphCLKConfig  stm32g4xx_hal_rcc_ex.o
    0x08002a14   0x08002a14   0x000001dc   Code   RO          885    i.HAL_RCC_ClockConfig  stm32g4xx_hal_rcc.o
    0x08002bf0   0x08002bf0   0x00000040   Code   RO          890    i.HAL_RCC_GetClockConfig  stm32g4xx_hal_rcc.o
    0x08002c30   0x08002c30   0x00000024   Code   RO          893    i.HAL_RCC_GetPCLK1Freq  stm32g4xx_hal_rcc.o
    0x08002c54   0x08002c54   0x00000024   Code   RO          894    i.HAL_RCC_GetPCLK2Freq  stm32g4xx_hal_rcc.o
    0x08002c78   0x08002c78   0x00000070   Code   RO          895    i.HAL_RCC_GetSysClockFreq  stm32g4xx_hal_rcc.o
    0x08002ce8   0x08002ce8   0x00000404   Code   RO          898    i.HAL_RCC_OscConfig  stm32g4xx_hal_rcc.o
    0x080030ec   0x080030ec   0x000000ea   Code   RO         2148    i.HAL_SPI_Init      stm32g4xx_hal_spi.o
    0x080031d6   0x080031d6   0x00000002   PAD
    0x080031d8   0x080031d8   0x00000080   Code   RO          333    i.HAL_SPI_MspInit   spi.o
    0x08003258   0x08003258   0x0000018e   Code   RO         2156    i.HAL_SPI_Transmit  stm32g4xx_hal_spi.o
    0x080033e6   0x080033e6   0x00000002   Code   RO         3204    i.HAL_TIMEx_Break2Callback  stm32g4xx_hal_tim_ex.o
    0x080033e8   0x080033e8   0x00000002   Code   RO         3205    i.HAL_TIMEx_BreakCallback  stm32g4xx_hal_tim_ex.o
    0x080033ea   0x080033ea   0x00000002   Code   RO         3206    i.HAL_TIMEx_CommutCallback  stm32g4xx_hal_tim_ex.o
    0x080033ec   0x080033ec   0x00000002   Code   RO         3217    i.HAL_TIMEx_DirectionChangeCallback  stm32g4xx_hal_tim_ex.o
    0x080033ee   0x080033ee   0x00000002   Code   RO         3231    i.HAL_TIMEx_EncoderIndexCallback  stm32g4xx_hal_tim_ex.o
    0x080033f0   0x080033f0   0x00000002   Code   RO         3245    i.HAL_TIMEx_IndexErrorCallback  stm32g4xx_hal_tim_ex.o
    0x080033f2   0x080033f2   0x00000002   PAD
    0x080033f4   0x080033f4   0x0000009c   Code   RO         3246    i.HAL_TIMEx_MasterConfigSynchronization  stm32g4xx_hal_tim_ex.o
    0x08003490   0x08003490   0x00000002   Code   RO         3267    i.HAL_TIMEx_TransitionErrorCallback  stm32g4xx_hal_tim_ex.o
    0x08003492   0x08003492   0x00000062   Code   RO         2490    i.HAL_TIM_Base_Init  stm32g4xx_hal_tim.o
    0x080034f4   0x080034f4   0x00000040   Code   RO          375    i.HAL_TIM_Base_MspInit  tim.o
    0x08003534   0x08003534   0x00000078   Code   RO         2495    i.HAL_TIM_Base_Start_IT  stm32g4xx_hal_tim.o
    0x080035ac   0x080035ac   0x00000100   Code   RO         2499    i.HAL_TIM_ConfigClockSource  stm32g4xx_hal_tim.o
    0x080036ac   0x080036ac   0x00000002   Code   RO         2524    i.HAL_TIM_IC_CaptureCallback  stm32g4xx_hal_tim.o
    0x080036ae   0x080036ae   0x000001a2   Code   RO         2538    i.HAL_TIM_IRQHandler  stm32g4xx_hal_tim.o
    0x08003850   0x08003850   0x00000002   Code   RO         2541    i.HAL_TIM_OC_DelayElapsedCallback  stm32g4xx_hal_tim.o
    0x08003852   0x08003852   0x00000002   Code   RO         2568    i.HAL_TIM_PWM_PulseFinishedCallback  stm32g4xx_hal_tim.o
    0x08003854   0x08003854   0x00000014   Code   RO           14    i.HAL_TIM_PeriodElapsedCallback  main.o
    0x08003868   0x08003868   0x00000002   Code   RO         2581    i.HAL_TIM_TriggerCallback  stm32g4xx_hal_tim.o
    0x0800386a   0x0800386a   0x0000003e   Code   RO         4053    i.HAL_UARTEx_DisableFifoMode  stm32g4xx_hal_uart_ex.o
    0x080038a8   0x080038a8   0x00000002   Code   RO         3642    i.HAL_UARTEx_RxEventCallback  stm32g4xx_hal_uart.o
    0x080038aa   0x080038aa   0x00000002   Code   RO         4061    i.HAL_UARTEx_RxFifoFullCallback  stm32g4xx_hal_uart_ex.o
    0x080038ac   0x080038ac   0x0000004c   Code   RO         4062    i.HAL_UARTEx_SetRxFifoThreshold  stm32g4xx_hal_uart_ex.o
    0x080038f8   0x080038f8   0x0000004c   Code   RO         4063    i.HAL_UARTEx_SetTxFifoThreshold  stm32g4xx_hal_uart_ex.o
    0x08003944   0x08003944   0x00000002   Code   RO         4065    i.HAL_UARTEx_TxFifoEmptyCallback  stm32g4xx_hal_uart_ex.o
    0x08003946   0x08003946   0x00000002   Code   RO         4066    i.HAL_UARTEx_WakeupCallback  stm32g4xx_hal_uart_ex.o
    0x08003948   0x08003948   0x00000094   Code   RO         3654    i.HAL_UART_DMAStop  stm32g4xx_hal_uart.o
    0x080039dc   0x080039dc   0x00000002   Code   RO         3658    i.HAL_UART_ErrorCallback  stm32g4xx_hal_uart.o
    0x080039de   0x080039de   0x00000002   PAD
    0x080039e0   0x080039e0   0x0000031c   Code   RO         3661    i.HAL_UART_IRQHandler  stm32g4xx_hal_uart.o
    0x08003cfc   0x08003cfc   0x0000006a   Code   RO         3662    i.HAL_UART_Init     stm32g4xx_hal_uart.o
    0x08003d66   0x08003d66   0x00000002   PAD
    0x08003d68   0x08003d68   0x000000c0   Code   RO          423    i.HAL_UART_MspInit  usart.o
    0x08003e28   0x08003e28   0x00000048   Code   RO         3666    i.HAL_UART_Receive_DMA  stm32g4xx_hal_uart.o
    0x08003e70   0x08003e70   0x00000002   Code   RO         3669    i.HAL_UART_RxCpltCallback  stm32g4xx_hal_uart.o
    0x08003e72   0x08003e72   0x00000002   Code   RO         3670    i.HAL_UART_RxHalfCpltCallback  stm32g4xx_hal_uart.o
    0x08003e74   0x08003e74   0x00000002   Code   RO         3674    i.HAL_UART_TxCpltCallback  stm32g4xx_hal_uart.o
    0x08003e76   0x08003e76   0x00000002   PAD
    0x08003e78   0x08003e78   0x00000180   Code   RO         5673    i.HandleReceivedData  comminterface.o
    0x08003ff8   0x08003ff8   0x00000002   Code   RO          493    i.HardFault_Handler  stm32g4xx_it.o
    0x08003ffa   0x08003ffa   0x00000002   PAD
    0x08003ffc   0x08003ffc   0x0000003c   Code   RO          308    i.MX_DMA_Init       dma.o
    0x08004038   0x08004038   0x00000054   Code   RO          250    i.MX_FREERTOS_Init  app_freertos.o
    0x0800408c   0x0800408c   0x00000110   Code   RO          226    i.MX_GPIO_Init      gpio.o
    0x0800419c   0x0800419c   0x00000050   Code   RO          334    i.MX_SPI2_Init      spi.o
    0x080041ec   0x080041ec   0x00000068   Code   RO          376    i.MX_TIM3_Init      tim.o
    0x08004254   0x08004254   0x00000068   Code   RO          377    i.MX_TIM4_Init      tim.o
    0x080042bc   0x080042bc   0x00000088   Code   RO          424    i.MX_USART1_UART_Init  usart.o
    0x08004344   0x08004344   0x00000002   Code   RO          494    i.MemManage_Handler  stm32g4xx_it.o
    0x08004346   0x08004346   0x00000002   PAD
    0x08004348   0x08004348   0x0000002c   Code   RO         5601    i.Modbus_Crc16      modbus.o
    0x08004374   0x08004374   0x00000002   Code   RO          495    i.NMI_Handler       stm32g4xx_it.o
    0x08004376   0x08004376   0x00000048   Code   RO         2186    i.SPI_EndRxTxTransaction  stm32g4xx_hal_spi.o
    0x080043be   0x080043be   0x00000002   PAD
    0x080043c0   0x080043c0   0x000000e0   Code   RO         2191    i.SPI_WaitFifoStateUntilTimeout  stm32g4xx_hal_spi.o
    0x080044a0   0x080044a0   0x000000b8   Code   RO         2192    i.SPI_WaitFlagStateUntilTimeout  stm32g4xx_hal_spi.o
    0x08004558   0x08004558   0x0000001c   Code   RO          251    i.StartDefaultTask  app_freertos.o
    0x08004574   0x08004574   0x00000020   Code   RO          252    i.StartTask02       app_freertos.o
    0x08004594   0x08004594   0x0000000c   Code   RO          253    i.StartTask03       app_freertos.o
    0x080045a0   0x080045a0   0x0000002c   Code   RO         5418    i.SysTick_Handler   port.o
    0x080045cc   0x080045cc   0x00000066   Code   RO           15    i.SystemClock_Config  main.o
    0x08004632   0x08004632   0x00000002   PAD
    0x08004634   0x08004634   0x00000010   Code   RO         4172    i.SystemInit        system_stm32g4xx.o
    0x08004644   0x08004644   0x0000000c   Code   RO          496    i.TIM6_DAC_IRQHandler  stm32g4xx_it.o
    0x08004650   0x08004650   0x000000bc   Code   RO         2583    i.TIM_Base_SetConfig  stm32g4xx_hal_tim.o
    0x0800470c   0x0800470c   0x00000014   Code   RO         2594    i.TIM_ETR_SetConfig  stm32g4xx_hal_tim.o
    0x08004720   0x08004720   0x00000014   Code   RO         2595    i.TIM_ITRx_SetConfig  stm32g4xx_hal_tim.o
    0x08004734   0x08004734   0x00000022   Code   RO         2603    i.TIM_TI1_ConfigInputStage  stm32g4xx_hal_tim.o
    0x08004756   0x08004756   0x00000024   Code   RO         2605    i.TIM_TI2_ConfigInputStage  stm32g4xx_hal_tim.o
    0x0800477a   0x0800477a   0x00000002   PAD
    0x0800477c   0x0800477c   0x00000044   Code   RO         4067    i.UARTEx_SetNbDataToProcess  stm32g4xx_hal_uart_ex.o
    0x080047c0   0x080047c0   0x000000c8   Code   RO         3676    i.UART_AdvFeatureConfig  stm32g4xx_hal_uart.o
    0x08004888   0x08004888   0x000000ac   Code   RO         3677    i.UART_CheckIdleState  stm32g4xx_hal_uart.o
    0x08004934   0x08004934   0x00000010   Code   RO         3678    i.UART_DMAAbortOnError  stm32g4xx_hal_uart.o
    0x08004944   0x08004944   0x00000050   Code   RO         3679    i.UART_DMAError     stm32g4xx_hal_uart.o
    0x08004994   0x08004994   0x00000086   Code   RO         3680    i.UART_DMAReceiveCplt  stm32g4xx_hal_uart.o
    0x08004a1a   0x08004a1a   0x00000020   Code   RO         3682    i.UART_DMARxHalfCplt  stm32g4xx_hal_uart.o
    0x08004a3a   0x08004a3a   0x00000002   PAD
    0x08004a3c   0x08004a3c   0x00000054   Code   RO         3688    i.UART_EndRxTransfer  stm32g4xx_hal_uart.o
    0x08004a90   0x08004a90   0x0000002e   Code   RO         3689    i.UART_EndTxTransfer  stm32g4xx_hal_uart.o
    0x08004abe   0x08004abe   0x00000002   PAD
    0x08004ac0   0x08004ac0   0x00000274   Code   RO         3694    i.UART_SetConfig    stm32g4xx_hal_uart.o
    0x08004d34   0x08004d34   0x000000a8   Code   RO         3695    i.UART_Start_Receive_DMA  stm32g4xx_hal_uart.o
    0x08004ddc   0x08004ddc   0x00000094   Code   RO         3701    i.UART_WaitOnFlagUntilTimeout  stm32g4xx_hal_uart.o
    0x08004e70   0x08004e70   0x00000064   Code   RO          497    i.USART1_IRQHandler  stm32g4xx_it.o
    0x08004ed4   0x08004ed4   0x00000002   Code   RO          498    i.UsageFault_Handler  stm32g4xx_it.o
    0x08004ed6   0x08004ed6   0x00000002   PAD
    0x08004ed8   0x08004ed8   0x00000054   Code   RO         5537    i.WriteToAD5754RViaSpi  ad5754r.o
    0x08004f2c   0x08004f2c   0x00000030   Code   RO         6107    i.__ARM_fpclassify  m_wm.l(fpclassify.o)
    0x08004f5c   0x08004f5c   0x00000020   Code   RO         2010    i.__NVIC_SetPriority  stm32g4xx_hal_cortex.o
    0x08004f7c   0x08004f7c   0x0000000e   Code   RO         5799    i._is_digit         c_w.l(__printf_wp.o)
    0x08004f8a   0x08004f8a   0x00000002   Code   RO          426    i._sys_exit         usart.o
    0x08004f8c   0x08004f8c   0x0000003c   Code   RO         5538    i.delay_us          ad5754r.o
    0x08004fc8   0x08004fc8   0x00000038   Code   RO          427    i.fputc             usart.o
    0x08005000   0x08005000   0x00000032   Code   RO           16    i.main              main.o
    0x08005032   0x08005032   0x0000000c   Code   RO         4983    i.makeFreeRtosPriority  cmsis_os.o
    0x0800503e   0x0800503e   0x00000010   Code   RO         4985    i.osDelay           cmsis_os.o
    0x0800504e   0x0800504e   0x0000000a   Code   RO         4988    i.osKernelStart     cmsis_os.o
    0x08005058   0x08005058   0x00000034   Code   RO         5022    i.osThreadCreate    cmsis_os.o
    0x0800508c   0x0800508c   0x00000078   Code   RO         4660    i.prvAddCurrentTaskToDelayedList  tasks.o
    0x08005104   0x08005104   0x00000088   Code   RO         4661    i.prvAddNewTaskToReadyList  tasks.o
    0x0800518c   0x0800518c   0x00000040   Code   RO         4662    i.prvCheckTasksWaitingTermination  tasks.o
    0x080051cc   0x080051cc   0x00000014   Code   RO         4663    i.prvDeleteTCB      tasks.o
    0x080051e0   0x080051e0   0x00000050   Code   RO         5350    i.prvHeapInit       heap_4.o
    0x08005230   0x08005230   0x00000028   Code   RO         4664    i.prvIdleTask       tasks.o
    0x08005258   0x08005258   0x0000007e   Code   RO         4665    i.prvInitialiseNewTask  tasks.o
    0x080052d6   0x080052d6   0x00000002   PAD
    0x080052d8   0x080052d8   0x00000060   Code   RO         4666    i.prvInitialiseTaskLists  tasks.o
    0x08005338   0x08005338   0x0000005c   Code   RO         5351    i.prvInsertBlockIntoFreeList  heap_4.o
    0x08005394   0x08005394   0x00000024   Code   RO         4667    i.prvResetNextTaskUnblockTime  tasks.o
    0x080053b8   0x080053b8   0x00000030   Code   RO         5419    i.prvTaskExitError  port.o
    0x080053e8   0x080053e8   0x000000e8   Code   RO         5352    i.pvPortMalloc      heap_4.o
    0x080054d0   0x080054d0   0x0000002c   Code   RO         5420    i.pxPortInitialiseStack  port.o
    0x080054fc   0x080054fc   0x00000026   Code   RO         4304    i.uxListRemove      list.o
    0x08005522   0x08005522   0x00000016   Code   RO         4305    i.vListInitialise   list.o
    0x08005538   0x08005538   0x00000006   Code   RO         4306    i.vListInitialiseItem  list.o
    0x0800553e   0x0800553e   0x00000036   Code   RO         4307    i.vListInsert       list.o
    0x08005574   0x08005574   0x00000018   Code   RO         4308    i.vListInsertEnd    list.o
    0x0800558c   0x0800558c   0x00000040   Code   RO         5422    i.vPortEnterCritical  port.o
    0x080055cc   0x080055cc   0x0000002c   Code   RO         5423    i.vPortExitCritical  port.o
    0x080055f8   0x080055f8   0x00000064   Code   RO         5353    i.vPortFree         heap_4.o
    0x0800565c   0x0800565c   0x00000024   Code   RO         5424    i.vPortSetupTimerInterrupt  port.o
    0x08005680   0x08005680   0x00000050   Code   RO         4676    i.vTaskDelay        tasks.o
    0x080056d0   0x080056d0   0x00000070   Code   RO         4689    i.vTaskStartScheduler  tasks.o
    0x08005740   0x08005740   0x00000010   Code   RO         4691    i.vTaskSuspendAll   tasks.o
    0x08005750   0x08005750   0x00000060   Code   RO         4692    i.vTaskSwitchContext  tasks.o
    0x080057b0   0x080057b0   0x00000104   Code   RO         5426    i.xPortStartScheduler  port.o
    0x080058b4   0x080058b4   0x00000068   Code   RO         4695    i.xTaskCreate       tasks.o
    0x0800591c   0x0800591c   0x000000d4   Code   RO         4702    i.xTaskIncrementTick  tasks.o
    0x080059f0   0x080059f0   0x000000cc   Code   RO         4708    i.xTaskResumeAll    tasks.o
    0x08005abc   0x08005abc   0x0000002c   Code   RO         6082    locale$$code        c_w.l(lc_numeric_c.o)
    0x08005ae8   0x08005ae8   0x0000002c   Code   RO         6116    locale$$code        c_w.l(lc_ctype_c.o)
    0x08005b14   0x08005b14   0x0000000a   Code   RO         6034    x$fpl$fpinit        fz_wm.l(fpinit.o)
    0x08005b1e   0x08005b1e   0x00000004   Code   RO         5970    x$fpl$printf1       fz_wm.l(printf1.o)
    0x08005b22   0x08005b22   0x00000004   Code   RO         5972    x$fpl$printf2       fz_wm.l(printf2.o)
    0x08005b26   0x08005b26   0x00000000   Code   RO         6106    x$fpl$usenofp       fz_wm.l(usenofp.o)
    0x08005b26   0x08005b26   0x00000002   PAD
    0x08005b28   0x08005b28   0x0000003c   Data   RO          254    .constdata          app_freertos.o
    0x08005b64   0x08005b64   0x00000018   Data   RO         3702    .constdata          stm32g4xx_hal_uart.o
    0x08005b7c   0x08005b7c   0x00000010   Data   RO         4068    .constdata          stm32g4xx_hal_uart_ex.o
    0x08005b8c   0x08005b8c   0x00000010   Data   RO         4173    .constdata          system_stm32g4xx.o
    0x08005b9c   0x08005b9c   0x00000008   Data   RO         4174    .constdata          system_stm32g4xx.o
    0x08005ba4   0x08005ba4   0x00000200   Data   RO         5602    .constdata          modbus.o
    0x08005da4   0x08005da4   0x00000013   Data   RO         5675    .constdata          comminterface.o
    0x08005db7   0x08005db7   0x00000011   Data   RO         5807    .constdata          c_w.l(__printf_flags_ss_wp.o)
    0x08005dc8   0x08005dc8   0x00000008   Data   RO         5869    .constdata          c_w.l(_printf_wctomb.o)
    0x08005dd0   0x08005dd0   0x00000028   Data   RO         5898    .constdata          c_w.l(_printf_hex_int_ll_ptr.o)
    0x08005df8   0x08005df8   0x00000026   Data   RO         6013    .constdata          c_w.l(_printf_fp_hex.o)
    0x08005e1e   0x08005e1e   0x00000002   PAD
    0x08005e20   0x08005e20   0x00000094   Data   RO         6057    .constdata          c_w.l(bigflt0.o)
    0x08005eb4   0x08005eb4   0x00000024   Data   RO          255    .conststring        app_freertos.o
    0x08005ed8   0x08005ed8   0x00000020   Data   RO         6170    Region$$Table       anon$$obj.o
    0x08005ef8   0x08005ef8   0x0000001c   Data   RO         6081    locale$$data        c_w.l(lc_numeric_c.o)
    0x08005f14   0x08005f14   0x00000110   Data   RO         6115    locale$$data        c_w.l(lc_ctype_c.o)


    Execution Region RW_IRAM1 (Exec base: 0x20000000, Load base: 0x08006024, Size: 0x00002080, Max: 0x00008000, ABSOLUTE)

    Exec Addr    Load Addr    Size         Type   Attr      Idx    E Section Name        Object

    0x20000000   0x08006024   0x0000000c   Data   RW          256    .data               app_freertos.o
    0x2000000c   0x08006030   0x00000001   Data   RW          430    .data               usart.o
    0x2000000d   0x08006031   0x00000001   Data   RW          431    .data               usart.o
    0x2000000e   0x08006032   0x00000002   PAD
    0x20000010   0x08006034   0x00000004   Data   RW          432    .data               usart.o
    0x20000014   0x08006038   0x0000000c   Data   RW          670    .data               stm32g4xx_hal.o
    0x20000020   0x08006044   0x00000004   Data   RW         4175    .data               system_stm32g4xx.o
    0x20000024   0x08006048   0x0000003c   Data   RW         4711    .data               tasks.o
    0x20000060   0x08006084   0x00000020   Data   RW         5359    .data               heap_4.o
    0x20000080   0x080060a4   0x0000000c   Data   RW         5427    .data               port.o
    0x2000008c        -       0x00000064   Zero   RW          335    .bss                spi.o
    0x200000f0        -       0x00000098   Zero   RW          378    .bss                tim.o
    0x20000188        -       0x00000158   Zero   RW          428    .bss                usart.o
    0x200002e0        -       0x0000004c   Zero   RW          596    .bss                stm32g4xx_hal_timebase_tim.o
    0x2000032c        -       0x000000f0   Zero   RW         4710    .bss                tasks.o
    0x2000041c        -       0x00000c00   Zero   RW         5358    .bss                heap_4.o
    0x2000101c        -       0x00000060   Zero   RW         5981    .bss                c_w.l(libspace.o)
    0x2000107c   0x080060b0   0x00000004   PAD
    0x20001080        -       0x00000800   Zero   RW            2    HEAP                startup_stm32g431xx.o
    0x20001880        -       0x00000800   Zero   RW            1    STACK               startup_stm32g431xx.o


==============================================================================

Image component sizes


      Code (inc. data)   RO Data    RW Data    ZI Data      Debug   Object Name

       236         34          0          0          0       2776   ad5754r.o
       156         14         96         12          0       3128   app_freertos.o
        90          0          0          0          0      12955   cmsis_os.o
       384        228         19          0          0       1533   comminterface.o
        60          4          0          0          0        862   dma.o
         0          0          0          0          0       7708   event_groups.o
       272         14          0          0          0       1079   gpio.o
       504         32          0         32       3072       7747   heap_4.o
       144          0          0          0          0       3730   list.o
       132         66          0          0          0       1373   log.o
       176          6          0          0          0     673929   main.o
        44          4        512          0          0       1303   modbus.o
       730         82          0         12          0      11372   port.o
       208         24          0          0        100       1805   spi.o
        64         26        472          0       4096        868   startup_stm32g431xx.o
        58         10          0         12          0       3126   stm32g4xx_hal.o
       158         14          0          0          0      33170   stm32g4xx_hal_cortex.o
       910         30          0          0          0       7405   stm32g4xx_hal_dma.o
       610         34          0          0          0       3085   stm32g4xx_hal_gpio.o
        60          6          0          0          0        922   stm32g4xx_hal_msp.o
       204         18          0          0          0       1457   stm32g4xx_hal_pwr_ex.o
      1752        102          0          0          0       7097   stm32g4xx_hal_rcc.o
       648         10          0          0          0       1932   stm32g4xx_hal_rcc_ex.o
      1112         10          0          0          0       5966   stm32g4xx_hal_spi.o
      1198         76          0          0          0      10869   stm32g4xx_hal_tim.o
       170         24          0          0          0       5656   stm32g4xx_hal_tim_ex.o
       136         20          0          0         76       1499   stm32g4xx_hal_timebase_tim.o
      2840        104         24          0          0      36455   stm32g4xx_hal_uart.o
       288          6         16          0          0       5570   stm32g4xx_hal_uart_ex.o
       136         34          0          0          0       4582   stm32g4xx_it.o
        16          4         24          4          0       1199   system_stm32g4xx.o
      1462        146          0         60        240      19321   tasks.o
       272         28          0          0        152       2507   tim.o
       386         42          0          6        344       4618   usart.o

    ----------------------------------------------------------------------
     15654       1252       1195        140       8080     888604   Object Totals
         0          0         32          0          0          0   (incl. Generated)
        38          0          0          2          0          0   (incl. Padding)

    ----------------------------------------------------------------------

      Code (inc. data)   RO Data    RW Data    ZI Data      Debug   Library Member Name

        24          4          0          0          0         84   __2printf.o
         8          0          0          0          0         68   __main.o
       392          4         17          0          0         92   __printf_flags_ss_wp.o
        14          0          0          0          0         68   __printf_wp.o
         0          0          0          0          0          0   __rtentry.o
        12          0          0          0          0          0   __rtentry2.o
         6          0          0          0          0          0   __rtentry4.o
        52          8          0          0          0          0   __scatter.o
        26          0          0          0          0          0   __scatter_copy.o
        28          0          0          0          0          0   __scatter_zi.o
         6          0          0          0          0          0   _printf_a.o
         6          0          0          0          0          0   _printf_c.o
        44          0          0          0          0        108   _printf_char.o
        48          6          0          0          0         96   _printf_char_common.o
        36          4          0          0          0         80   _printf_char_file.o
        40          0          0          0          0         68   _printf_charcount.o
         6          0          0          0          0          0   _printf_d.o
       120         16          0          0          0         92   _printf_dec.o
         6          0          0          0          0          0   _printf_e.o
         6          0          0          0          0          0   _printf_f.o
      1054          0          0          0          0        216   _printf_fp_dec.o
       764          8         38          0          0        100   _printf_fp_hex.o
       128         16          0          0          0         84   _printf_fp_infnan.o
         6          0          0          0          0          0   _printf_g.o
       148          4         40          0          0        160   _printf_hex_int_ll_ptr.o
         6          0          0          0          0          0   _printf_i.o
       178          0          0          0          0         88   _printf_intcommon.o
        10          0          0          0          0          0   _printf_l.o
         6          0          0          0          0          0   _printf_lc.o
        10          0          0          0          0          0   _printf_ll.o
         6          0          0          0          0          0   _printf_lld.o
         6          0          0          0          0          0   _printf_lli.o
         6          0          0          0          0          0   _printf_llo.o
         6          0          0          0          0          0   _printf_llu.o
         6          0          0          0          0          0   _printf_llx.o
       124         16          0          0          0         92   _printf_longlong_dec.o
         6          0          0          0          0          0   _printf_ls.o
         6          0          0          0          0          0   _printf_n.o
         6          0          0          0          0          0   _printf_o.o
       112         10          0          0          0        124   _printf_oct_int_ll.o
         6          0          0          0          0          0   _printf_p.o
        78          0          0          0          0        108   _printf_pad.o
         0          0          0          0          0          0   _printf_percent.o
         4          0          0          0          0          0   _printf_percent_end.o
         6          0          0          0          0          0   _printf_s.o
        82          0          0          0          0         80   _printf_str.o
        36          0          0          0          0         84   _printf_truncate.o
         6          0          0          0          0          0   _printf_u.o
        44          0          0          0          0        108   _printf_wchar.o
       188          6          8          0          0         92   _printf_wctomb.o
         6          0          0          0          0          0   _printf_x.o
        64          0          0          0          0         92   _wcrtomb.o
       228          4        148          0          0         96   bigflt0.o
      1936        128          0          0          0        672   btod.o
        18          0          0          0          0         80   exit.o
         8          0          0          0          0         68   ferror.o
         6          0          0          0          0        152   heapauxi.o
        44         10        272          0          0         76   lc_ctype_c.o
        44         10         28          0          0         76   lc_numeric_c.o
         2          0          0          0          0          0   libinit.o
        34          0          0          0          0          0   libinit2.o
         2          0          0          0          0          0   libshutdown.o
         2          0          0          0          0          0   libshutdown2.o
         8          4          0          0         96         68   libspace.o
       138          0          0          0          0         80   lludiv10.o
       238          0          0          0          0        100   lludivv7m.o
        16          4          0          0          0         76   rt_ctype_table.o
         8          4          0          0          0         68   rt_locale_intlibspace.o
        78          0          0          0          0         80   rt_memclr_w.o
       100          0          0          0          0         80   rt_memcpy_w.o
         2          0          0          0          0          0   rtexit.o
        10          0          0          0          0          0   rtexit2.o
       128          0          0          0          0         68   strcmpv7m.o
        74          0          0          0          0         80   sys_stackheap_outer.o
        12          4          0          0          0         68   vprintf.o
        10          0          0          0          0        116   fpinit.o
         4          0          0          0          0        116   printf1.o
         4          0          0          0          0        116   printf2.o
         0          0          0          0          0          0   usenofp.o
        48          0          0          0          0        124   fpclassify.o

    ----------------------------------------------------------------------
      7210        270        553          0        100       4644   Library Totals
        14          0          2          0          4          0   (incl. Padding)

    ----------------------------------------------------------------------

      Code (inc. data)   RO Data    RW Data    ZI Data      Debug   Library Name

      7130        270        551          0         96       4172   c_w.l
        18          0          0          0          0        348   fz_wm.l
        48          0          0          0          0        124   m_wm.l

    ----------------------------------------------------------------------
      7210        270        553          0        100       4644   Library Totals

    ----------------------------------------------------------------------

==============================================================================


      Code (inc. data)   RO Data    RW Data    ZI Data      Debug   

     22864       1522       1748        140       8180     876112   Grand Totals
     22864       1522       1748        140       8180     876112   ELF Image Totals
     22864       1522       1748        140          0          0   ROM Totals

==============================================================================

    Total RO  Size (Code + RO Data)                24612 (  24.04kB)
    Total RW  Size (RW Data + ZI Data)              8320 (   8.13kB)
    Total ROM Size (Code + RO Data + RW Data)      24752 (  24.17kB)

==============================================================================

